Microchip MPLAB XC8 Compiler V1.33 ()

Linker command line:

--edf=/Applications/microchip/xc8/v1.33/dat/en_msgs.txt -cs \
  -h+dist/default/debug/PracticeProject.X.debug.sym \
  --cmf=dist/default/debug/PracticeProject.X.debug.cmf -z -Q18F452 \
  -o/tmp/cgtEwx9rm -Mdist/default/debug/PracticeProject.X.debug.map -E1 \
  -ver=XC8 -ASTACK=0183h-05eeh -pstack=STACK \
  -ACODE=00h-03FFFh,04000h-07CFFh -ACONST=00h-07CFFh \
  -ASMALLCONST=0600h-06FFhx119 -AMEDIUMCONST=0600h-07CFFh -ACOMRAM=01h-07Fh \
  -AABS1=00h-05EEh -ABIGRAM=01h-05EEh \
  -ARAM=080h-0FFh,0100h-01FFhx4,0500h-05EEh -ABANK0=080h-0FFh \
  -ABANK1=0100h-01FFh -ABANK2=0200h-02FFh -ABANK3=0300h-03FFh \
  -ABANK4=0400h-04FFh -ABANK5=0500h-05EEh \
  -ASFR=0F80h-0F9Bh,0F9Dh-0FD3h,0FD5h-0FDAh,0FE0h-0FE2h,0FE8h-0FEAh,0FF0h-0FFBh \
  -preset_vec=00h,intcode=08h,intcodelo=018h,powerup,init,end_init \
  -pramtop=0600h -psmallconst=SMALLCONST -pmediumconst=MEDIUMCONST \
  -pconst=CONST -AFARRAM=00h-00h -ACONFIG=0300000h-030000Dh -pconfig=CONFIG \
  -AIDLOC=0200000h-0200007h -pidloc=IDLOC -AEEDATA=0F00000h-0F000FFh \
  -peeprom_data=EEDATA \
  -prdata=COMRAM,nvrram=COMRAM,nvbit=COMRAM,rbss=COMRAM,rbit=COMRAM \
  -pfarbss=FARRAM,fardata=FARRAM,nvFARRAM=FARRAM \
  -pintsave_regs=BIGRAM,bigbss=BIGRAM,bigdata=BIGRAM -pbss=RAM \
  -pidata=CODE,irdata=CODE,ibigdata=CODE,ifardata=CODE /tmp/cgt4aM9fv.obj \
  dist/default/debug/PracticeProject.X.debug.obj 

Object code version is 3.11

Machine type is 18F452

Call graph: (short form)




                Name                               Link     Load   Length Selector   Space Scale
/tmp/cgt4aM9fv.obj
                end_init                            19E      19E        4        C       0
                text                                1B4      1B4        2        C       0
                reset_vec                             0        0        6        0       0
                idloc                            200000   200000        8   200000       0
                config                           300000   300000        E   300000       0
dist/default/debug/PracticeProject.X.debug.obj
                intcodelo                            18       18      186        C       0
                intcode                               8        8        E        4       0
                smallconst                          600      600       A2      300       0
                intcode_body                       3C5E     3C5E       6E      351       0
                text40                             39E0     39E0       AC      351       0
                text39                             3CCC     3CCC       4C      351       0
                text38                             368E     368E       DA      351       0
                text37                             2AEC     2AEC      1B0      351       0
                text36                             3E8C     3E8C       3A      351       0
                text35                             26AA     26AA      260      351       0
                text34                             3F5C     3F5C       2A      351       0
                text33                             3D18     3D18       46      351       0
                text32                             3FE0     3FE0       16      351       0
                text30                             3FF6     3FF6        A      351       0
                text29                             3FCA     3FCA       16      351       0
                text28                             3E52     3E52       3A      351       0
                text27                             3DDC     3DDC       3C      351       0
                text26                             3F2C     3F2C       30      351       0
                text25                             3FB4     3FB4       16      351       0
                text24                             3F86     3F86       18      351       0
                text23                             3B34     3B34       A8      351       0
                text22                             349A     349A      10E      351       0
                text21                             3240     3240      14A      351       0
                text20                             3840     3840       D8      351       0
                text19                             3EC6     3EC6       36      351       0
                text18                             2426     2426      284      351       0
                text17                             3D5E     3D5E       40      351       0
                text16                             30F2     30F2      14E      351       0
                text15                             3768     3768       D8      351       0
                text14                             3A8C     3A8C       A8      351       0
                text13                             3BDC     3BDC       82      351       0
                text12                             290A     290A      1E2      351       0
                text11                             2C9C     2C9C      19A      351       0
                text10                             35A8     35A8       E6      351       0
                text9                              3918     3918       C8      351       0
                text8                              2E36     2E36      168      351       0
                text7                              3E18     3E18       3A      351       0
                text6                              210E     210E      318      351       0
                text5                              3EFC     3EFC       30      351       0
                text4                              1B72     1B72      59C      351       0
                text3                               6A2      6A2     14D0      351       0
                text2                              338A     338A      110      351       0
                text1                              3F9E     3F9E       16      351       0
                text0                              2F9E     2F9E      154      351       0
                cstackCOMRAM                          1        1       4C        1       1
                cstackBANK0                          80       80       61       80       1
                cstackBANK1                         100      100       6E      100       1
                dataBANK1                           16E      16E       12      100       1
                bssBANK1                            180      180        3      100       1
                bssCOMRAM                            4D       4D        D        1       1
                cinit                              3D9E     3D9E       3E      351       0
                idataBANK1                          1A2      1A2       12        C       0

TOTAL           Name                               Link     Load   Length     Space
        CLASS   STACK          

        CLASS   CODE           
                end_init                            19E      19E        4         0
                text                                1B4      1B4        2         0
                intcodelo                            18       18      186         0
                intcode                               8        8        E         0
                reset_vec                             0        0        6         0
                intcode_body                       3C5E     3C5E       6E         0
                text40                             39E0     39E0       AC         0
                text39                             3CCC     3CCC       4C         0
                text38                             368E     368E       DA         0
                text37                             2AEC     2AEC      1B0         0
                text36                             3E8C     3E8C       3A         0
                text35                             26AA     26AA      260         0
                text34                             3F5C     3F5C       2A         0
                text33                             3D18     3D18       46         0
                text32                             3FE0     3FE0       16         0
                text30                             3FF6     3FF6        A         0
                text29                             3FCA     3FCA       16         0
                text28                             3E52     3E52       3A         0
                text27                             3DDC     3DDC       3C         0
                text26                             3F2C     3F2C       30         0
                text25                             3FB4     3FB4       16         0
                text24                             3F86     3F86       18         0
                text23                             3B34     3B34       A8         0
                text22                             349A     349A      10E         0
                text21                             3240     3240      14A         0
                text20                             3840     3840       D8         0
                text19                             3EC6     3EC6       36         0
                text18                             2426     2426      284         0
                text17                             3D5E     3D5E       40         0
                text16                             30F2     30F2      14E         0
                text15                             3768     3768       D8         0
                text14                             3A8C     3A8C       A8         0
                text13                             3BDC     3BDC       82         0
                text12                             290A     290A      1E2         0
                text11                             2C9C     2C9C      19A         0
                text10                             35A8     35A8       E6         0
                text9                              3918     3918       C8         0
                text8                              2E36     2E36      168         0
                text7                              3E18     3E18       3A         0
                text6                              210E     210E      318         0
                text5                              3EFC     3EFC       30         0
                text4                              1B72     1B72      59C         0
                text3                               6A2      6A2     14D0         0
                text2                              338A     338A      110         0
                text1                              3F9E     3F9E       16         0
                text0                              2F9E     2F9E      154         0
                cinit                              3D9E     3D9E       3E         0
                idataBANK1                          1A2      1A2       12         0

        CLASS   CONST          

        CLASS   SMALLCONST     
                smallconst                          600      600       A2         0

        CLASS   MEDIUMCONST    

        CLASS   COMRAM         
                cstackCOMRAM                          1        1       4C         1
                bssCOMRAM                            4D       4D        D         1

        CLASS   ABS1           

        CLASS   BIGRAM         

        CLASS   RAM            

        CLASS   BANK0          
                cstackBANK0                          80       80       61         1

        CLASS   BANK1          
                cstackBANK1                         100      100       6E         1
                dataBANK1                           16E      16E       12         1
                bssBANK1                            180      180        3         1

        CLASS   BANK2          

        CLASS   BANK3          

        CLASS   BANK4          

        CLASS   BANK5          

        CLASS   SFR            

        CLASS   FARRAM         

        CLASS   CONFIG         
                config                           300000   300000        E         0

        CLASS   IDLOC          
                idloc                            200000   200000        8         0

        CLASS   EEDATA         



SEGMENTS        Name                           Load    Length   Top    Selector   Space  Class

                reset_vec                      000000  000006  000006         0       0  CODE    
                cstackCOMRAM                   000001  000059  00005A         1       1  COMRAM  
                intcode                        000008  00000E  000016         4       0  CODE    
                intcodelo                      000018  00019E  0001B6         C       0  CODE    
                cstackBANK0                    000080  000061  0000E1        80       1  BANK0   
                cstackBANK1                    000100  000083  000183       100       1  BANK1   
                smallconst                     000600  0000A2  0006A2       300       0  SMALLCON
                text3                          0006A2  00395E  004000       351       0  CODE    
                idloc                          200000  000008  200008    200000       0  IDLOC   
                config                         300000  00000E  30000E    300000       0  CONFIG  


UNUSED ADDRESS RANGES

        Name                Unused          Largest block    Delta
        BANK0            0000E1-0000FF               1F
        BANK1            000183-0001FF               7D
        BANK2            000200-0002FF              100
        BANK3            000300-0003FF              100
        BANK4            000400-0004FF              100
        BANK5            000500-0005EE               EF
        BIGRAM           00005A-00007F               26
                         0000E1-0000FF               1F
                         000183-0005EE              46C
        CODE             000006-000007                2
                         000016-000017                2
                         0001B6-0005FF              44A
                         004000-007CFF             3D00
        COMRAM           00005A-00007F               26
        CONST            000006-000007                2
                         000016-000017                2
                         0001B6-0005FF              44A
                         004000-007CFF             3D00
        EEDATA           F00000-F000FF              100
        MEDIUMCONST      004000-007CFF             3D00
        RAM              0000E1-0000FF               1F
                         000183-0005EE              100
        SFR              000F80-000F9B               1C
                         000F9D-000FD3               37
                         000FD5-000FDA                6
                         000FE0-000FE2                3
                         000FE8-000FEA                3
                         000FF0-000FFB                C
        SMALLCONST       004000-007CFF              100
        STACK            000183-0005EE              46C

                                  Symbol Table

?___awdiv                                                     cstackBANK0  0000A5
?___awmod                                                     cstackBANK0  00009F
?___awtoft                                                    cstackCOMRAM 000009
?___ftadd                                                     cstackBANK0  0000D3
?___ftdiv                                                     cstackBANK0  0000D0
?___ftmul                                                     cstackBANK0  0000BA
?___ftneg                                                     cstackBANK0  0000B7
?___ftpack                                                    cstackBANK0  00009F
?___ftsub                                                     cstackBANK1  000100
?___fttol                                                     cstackBANK0  00009F
?___lldiv                                                     cstackBANK0  00009F
?___llmod                                                     cstackBANK0  00009F
?___lltoft                                                    cstackBANK0  0000AE
?___wmul                                                      cstackBANK0  0000AD
?__div_to_l_                                                  cstackBANK0  00009F
?__tdiv_to_l_                                                 cstackBANK0  00009F
?_fabs                                                        cstackCOMRAM 000004
?_fround                                                      cstackBANK0  0000C9
?_scale                                                       cstackBANK0  0000C9
?_sprintf                                                     cstackBANK1  000109
?i1___ftadd                                                   cstackCOMRAM 00001C
?i1___ftdiv                                                   cstackCOMRAM 00000D
?i1___ftneg                                                   cstackCOMRAM 000001
?i1___ftpack                                                  cstackCOMRAM 000001
?i1___ftsub                                                   cstackCOMRAM 000028
Delay100TCYx@unit                                             cstackBANK0  00009F
Delay10TCYx@unit                                              cstackBANK0  00009F
Delay1KTCYx@unit                                              cstackBANK0  00009F
DisplayLCD@currentChar                                        cstackBANK0  0000A4
DisplayLCD@init                                               cstackBANK0  0000A2
DisplayLCD@tempPtr                                            cstackBANK0  0000A0
ReadEncoder@Anew                                              cstackCOMRAM 000036
ReadEncoder@Bnew                                              cstackCOMRAM 000038
ReadEncoder@NEW_ROT                                           cstackCOMRAM 00003A
ReadEncoder@New                                               cstackCOMRAM 000034
ReadEncoder@Old                                               cstackCOMRAM 000032
WaitHalfSec@Halfcount                                         cstackBANK0  0000A0
WriteLCD@LCDstart                                             cstackBANK1  000144
WriteLCD@Msg                                                  cstackBANK1  00014B
WriteLCD@len                                                  cstackBANK1  000146
WriteLCD@msgptr                                               cstackBANK1  00014D
WriteLCD@var                                                  cstackBANK1  000148
WriteLCD@width                                                cstackBANK1  00014F
WriteTimer0@timer                                             cstackBANK0  0000A1
WriteTimer0@timer0                                            cstackBANK0  00009F
_ADCON1                                                       (abs)        000FC1
_CCP1CONbits                                                  (abs)        000FBD
_CCPR1L                                                       (abs)        000FBE
_CCWTurn                                                      bssCOMRAM    000050
_CHA                                                          bssCOMRAM    000052
_CHB                                                          bssCOMRAM    000054
_CWTurn                                                       bssCOMRAM    000056
_CloseTimer0                                                  text30       003FF6
_CountPerRev                                                  smallconst   000697
_Delay100TCYx                                                 text25       003FB4
_Delay10TCYx                                                  text24       003F86
_Delay1KTCYx                                                  text29       003FCA
_DisplayLCD                                                   text23       003B34
_EncoderPoll                                                  smallconst   000699
_INTCON2bits                                                  (abs)        000FF1
_INTCONbits                                                   (abs)        000FF2
_InitApp                                                      text27       003DDC
_InitInterrupts                                               text26       003F2C
_LATB4                                                        (abs)        007C54
_OLD_ROT                                                      bssCOMRAM    000058
_PORTA                                                        (abs)        000F80
_PORTAbits                                                    (abs)        000F80
_PORTBbits                                                    (abs)        000F81
_PORTD                                                        (abs)        000F83
_PORTEbits                                                    (abs)        000F84
_PR2                                                          (abs)        000FCB
_PartialRot                                                   bssCOMRAM    00004D
_QEM                                                          smallconst   000677
_RCONbits                                                     (abs)        000FD0
_RPS                                                          bssBANK1     000180
_ReadEncoder                                                  text35       0026AA
_T0CONbits                                                    (abs)        000FD5
_T2CONbits                                                    (abs)        000FCA
_TMR0H                                                        (abs)        000FD7
_TMR0L                                                        (abs)        000FD6
_TRISA                                                        (abs)        000F92
_TRISBbits                                                    (abs)        000F93
_TRISCbits                                                    (abs)        000F94
_TRISD                                                        (abs)        000F95
_TRISE                                                        (abs)        000F96
_TimerStopped                                                 intcodelo    000108
_WaitHalfSec                                                  text28       003E52
_WriteLCD                                                     text2        00338A
_WriteTimer0                                                  text1        003F9E
__CFG_BOR$ON                                                  (abs)        000000
__CFG_BORV$45                                                 (abs)        000000
__CFG_CCP2MUX$ON                                              (abs)        000000
__CFG_CP0$OFF                                                 (abs)        000000
__CFG_CP1$OFF                                                 (abs)        000000
__CFG_CP2$OFF                                                 (abs)        000000
__CFG_CP3$OFF                                                 (abs)        000000
__CFG_CPB$OFF                                                 (abs)        000000
__CFG_CPD$OFF                                                 (abs)        000000
__CFG_EBTR0$OFF                                               (abs)        000000
__CFG_EBTR1$OFF                                               (abs)        000000
__CFG_EBTR2$OFF                                               (abs)        000000
__CFG_EBTR3$OFF                                               (abs)        000000
__CFG_EBTRB$OFF                                               (abs)        000000
__CFG_LVP$OFF                                                 (abs)        000000
__CFG_OSC$HS                                                  (abs)        000000
__CFG_OSCS$ON                                                 (abs)        000000
__CFG_PWRT$ON                                                 (abs)        000000
__CFG_STVR$ON                                                 (abs)        000000
__CFG_WDT$OFF                                                 (abs)        000000
__CFG_WDTPS$128                                               (abs)        000000
__CFG_WRT0$OFF                                                (abs)        000000
__CFG_WRT1$OFF                                                (abs)        000000
__CFG_WRT2$OFF                                                (abs)        000000
__CFG_WRT3$OFF                                                (abs)        000000
__CFG_WRTB$OFF                                                (abs)        000000
__CFG_WRTC$OFF                                                (abs)        000000
__CFG_WRTD$OFF                                                (abs)        000000
__HRAM                                                        (abs)        000000
__Habs1                                                       abs1         000000
__Hbank0                                                      bank0        000000
__Hbank1                                                      bank1        000000
__Hbank2                                                      bank2        000000
__Hbank3                                                      bank3        000000
__Hbank4                                                      bank4        000000
__Hbank5                                                      bank5        000000
__Hbigbss                                                     bigbss       000000
__Hbigdata                                                    bigdata      000000
__Hbigram                                                     bigram       000000
__Hbss                                                        bss          000000
__HbssBANK1                                                   bssBANK1     000000
__HbssCOMRAM                                                  bssCOMRAM    000000
__Hcinit                                                      cinit        000000
__Hclrtext                                                    clrtext      000000
__Hcomram                                                     comram       000000
__Hconfig                                                     config       30000E
__Hconst                                                      const        000000
__HcstackBANK0                                                cstackBANK0  000000
__HcstackBANK1                                                cstackBANK1  000000
__HcstackCOMRAM                                               cstackCOMRAM 000000
__Hdata                                                       data         000000
__HdataBANK1                                                  dataBANK1    000000
__Heeprom_data                                                eeprom_data  000000
__Hend_init                                                   end_init     0001A2
__Hfarbss                                                     farbss       000000
__Hfardata                                                    fardata      000000
__Hibigdata                                                   ibigdata     000000
__Hidata                                                      idata        000000
__HidataBANK1                                                 idataBANK1   000000
__Hidloc                                                      idloc        200008
__Hifardata                                                   ifardata     000000
__Hinit                                                       init         00019E
__Hintcode                                                    intcode      000016
__Hintcode_body                                               intcode_body 000000
__Hintcodelo                                                  intcodelo    00019E
__Hintentry                                                   intentry     000000
__Hintret                                                     intret       000000
__Hintsave_regs                                               intsave_regs 000000
__Hirdata                                                     irdata       000000
__Hmediumconst                                                mediumconst  000000
__HnvFARRAM                                                   nvFARRAM     000000
__Hnvbit                                                      nvbit        000000
__Hnvrram                                                     nvrram       000000
__Hparam                                                      param0       000000
__Hparam0                                                     param0       000000
__Hpowerup                                                    powerup      00019E
__Hram                                                        ram          000000
__Hramtop                                                     ramtop       000600
__Hrbit                                                       rbit         000000
__Hrbss                                                       rbss         000000
__Hrdata                                                      rdata        000000
__Hreset_vec                                                  reset_vec    000006
__Hsfr                                                        sfr          000000
__Hsmallconst                                                 smallconst   0006A2
__Hspace_0                                                    (abs)        30000E
__Hspace_1                                                    (abs)        000183
__Hspace_2                                                    (abs)        000000
__Hstack                                                      stack        000000
__Hstruct                                                     struct       000000
__Htemp                                                       temp         000000
__Htext                                                       text         000000
__Htext0                                                      text0        000000
__Htext1                                                      text1        000000
__Htext10                                                     text10       000000
__Htext11                                                     text11       000000
__Htext12                                                     text12       000000
__Htext13                                                     text13       000000
__Htext14                                                     text14       000000
__Htext15                                                     text15       000000
__Htext16                                                     text16       000000
__Htext17                                                     text17       000000
__Htext18                                                     text18       000000
__Htext19                                                     text19       000000
__Htext2                                                      text2        000000
__Htext20                                                     text20       000000
__Htext21                                                     text21       000000
__Htext22                                                     text22       000000
__Htext23                                                     text23       000000
__Htext24                                                     text24       000000
__Htext25                                                     text25       000000
__Htext26                                                     text26       000000
__Htext27                                                     text27       000000
__Htext28                                                     text28       000000
__Htext29                                                     text29       000000
__Htext3                                                      text3        000000
__Htext30                                                     text30       000000
__Htext32                                                     text32       000000
__Htext33                                                     text33       000000
__Htext34                                                     text34       000000
__Htext35                                                     text35       000000
__Htext36                                                     text36       000000
__Htext37                                                     text37       000000
__Htext38                                                     text38       000000
__Htext39                                                     text39       000000
__Htext4                                                      text4        000000
__Htext40                                                     text40       000000
__Htext5                                                      text5        000000
__Htext6                                                      text6        000000
__Htext7                                                      text7        000000
__Htext8                                                      text8        000000
__Htext9                                                      text9        000000
__LRAM                                                        (abs)        000001
__Labs1                                                       abs1         000000
__Lbank0                                                      bank0        000000
__Lbank1                                                      bank1        000000
__Lbank2                                                      bank2        000000
__Lbank3                                                      bank3        000000
__Lbank4                                                      bank4        000000
__Lbank5                                                      bank5        000000
__Lbigbss                                                     bigbss       000000
__Lbigdata                                                    bigdata      000000
__Lbigram                                                     bigram       000000
__Lbss                                                        bss          000000
__LbssBANK1                                                   bssBANK1     000000
__LbssCOMRAM                                                  bssCOMRAM    000000
__Lcinit                                                      cinit        000000
__Lclrtext                                                    clrtext      000000
__Lcomram                                                     comram       000000
__Lconfig                                                     config       300000
__Lconst                                                      const        000000
__LcstackBANK0                                                cstackBANK0  000000
__LcstackBANK1                                                cstackBANK1  000000
__LcstackCOMRAM                                               cstackCOMRAM 000000
__Ldata                                                       data         000000
__LdataBANK1                                                  dataBANK1    000000
__Leeprom_data                                                eeprom_data  000000
__Lend_init                                                   end_init     00019E
__Lfarbss                                                     farbss       000000
__Lfardata                                                    fardata      000000
__Libigdata                                                   ibigdata     000000
__Lidata                                                      idata        000000
__LidataBANK1                                                 idataBANK1   000000
__Lidloc                                                      idloc        200000
__Lifardata                                                   ifardata     000000
__Linit                                                       init         00019E
__Lintcode                                                    intcode      000008
__Lintcode_body                                               intcode_body 000000
__Lintcodelo                                                  intcodelo    000018
__Lintentry                                                   intentry     000000
__Lintret                                                     intret       000000
__Lintsave_regs                                               intsave_regs 000000
__Lirdata                                                     irdata       000000
__Lmediumconst                                                mediumconst  000000
__LnvFARRAM                                                   nvFARRAM     000000
__Lnvbit                                                      nvbit        000000
__Lnvrram                                                     nvrram       000000
__Lparam                                                      param0       000000
__Lparam0                                                     param0       000000
__Lpowerup                                                    powerup      00019E
__Lram                                                        ram          000000
__Lramtop                                                     ramtop       000600
__Lrbit                                                       rbit         000000
__Lrbss                                                       rbss         000000
__Lrdata                                                      rdata        000000
__Lreset_vec                                                  reset_vec    000000
__Lsfr                                                        sfr          000000
__Lsmallconst                                                 smallconst   000600
__Lspace_0                                                    (abs)        000000
__Lspace_1                                                    (abs)        000000
__Lspace_2                                                    (abs)        000000
__Lstack                                                      stack        000000
__Lstruct                                                     struct       000000
__Ltemp                                                       temp         000000
__Ltext                                                       text         000000
__Ltext0                                                      text0        000000
__Ltext1                                                      text1        000000
__Ltext10                                                     text10       000000
__Ltext11                                                     text11       000000
__Ltext12                                                     text12       000000
__Ltext13                                                     text13       000000
__Ltext14                                                     text14       000000
__Ltext15                                                     text15       000000
__Ltext16                                                     text16       000000
__Ltext17                                                     text17       000000
__Ltext18                                                     text18       000000
__Ltext19                                                     text19       000000
__Ltext2                                                      text2        000000
__Ltext20                                                     text20       000000
__Ltext21                                                     text21       000000
__Ltext22                                                     text22       000000
__Ltext23                                                     text23       000000
__Ltext24                                                     text24       000000
__Ltext25                                                     text25       000000
__Ltext26                                                     text26       000000
__Ltext27                                                     text27       000000
__Ltext28                                                     text28       000000
__Ltext29                                                     text29       000000
__Ltext3                                                      text3        000000
__Ltext30                                                     text30       000000
__Ltext32                                                     text32       000000
__Ltext33                                                     text33       000000
__Ltext34                                                     text34       000000
__Ltext35                                                     text35       000000
__Ltext36                                                     text36       000000
__Ltext37                                                     text37       000000
__Ltext38                                                     text38       000000
__Ltext39                                                     text39       000000
__Ltext4                                                      text4        000000
__Ltext40                                                     text40       000000
__Ltext5                                                      text5        000000
__Ltext6                                                      text6        000000
__Ltext7                                                      text7        000000
__Ltext8                                                      text8        000000
__Ltext9                                                      text9        000000
__S0                                                          (abs)        30000E
__S1                                                          (abs)        000183
__S2                                                          (abs)        000000
___awdiv                                                      text10       0035A8
___awdiv@counter                                              cstackBANK0  0000A9
___awdiv@dividend                                             cstackBANK0  0000A5
___awdiv@divisor                                              cstackBANK0  0000A7
___awdiv@quotient                                             cstackBANK0  0000AB
___awdiv@sign                                                 cstackBANK0  0000AA
___awmod                                                      text9        003918
___awmod@counter                                              cstackBANK0  0000A3
___awmod@dividend                                             cstackBANK0  00009F
___awmod@divisor                                              cstackBANK0  0000A1
___awmod@sign                                                 cstackBANK0  0000A4
___awtoft                                                     text39       003CCC
___awtoft@c                                                   cstackCOMRAM 000009
___awtoft@sign                                                cstackCOMRAM 00000C
___ftadd                                                      text18       002426
___ftadd@exp1                                                 cstackBANK0  0000DE
___ftadd@exp2                                                 cstackBANK0  0000DD
___ftadd@f1                                                   cstackBANK0  0000D3
___ftadd@f2                                                   cstackBANK0  0000D6
___ftadd@sign                                                 cstackBANK0  0000DC
___ftdiv                                                      text21       003240
___ftdiv@cntr                                                 cstackBANK0  0000D9
___ftdiv@exp                                                  cstackBANK0  0000DD
___ftdiv@f1                                                   cstackBANK0  0000D0
___ftdiv@f2                                                   cstackBANK0  0000D3
___ftdiv@f3                                                   cstackBANK0  0000DA
___ftdiv@sign                                                 cstackBANK0  0000DE
___ftge                                                       text20       003840
___ftge@ff1                                                   cstackBANK1  000100
___ftge@ff2                                                   cstackBANK1  000103
___ftmul                                                      text8        002E36
___ftmul@cntr                                                 cstackBANK0  0000C7
___ftmul@exp                                                  cstackBANK0  0000C3
___ftmul@f1                                                   cstackBANK0  0000BA
___ftmul@f2                                                   cstackBANK0  0000BD
___ftmul@f3_as_product                                        cstackBANK0  0000C4
___ftmul@sign                                                 cstackBANK0  0000C8
___ftneg                                                      text19       003EC6
___ftneg@f1                                                   cstackBANK0  0000B7
___ftpack                                                     text22       00349A
___ftpack@arg                                                 cstackBANK0  00009F
___ftpack@exp                                                 cstackBANK0  0000A2
___ftpack@sign                                                cstackBANK0  0000A3
___ftsub                                                      text17       003D5E
___ftsub@f1                                                   cstackBANK1  000100
___ftsub@f2                                                   cstackBANK1  000103
___fttol                                                      text16       0030F2
___fttol@exp1                                                 cstackBANK0  0000AD
___fttol@f1                                                   cstackBANK0  00009F
___fttol@lval                                                 cstackBANK0  0000A9
___fttol@sign1                                                cstackBANK0  0000A8
___inthi_sp                                                   stack        000000
___intlo_sp                                                   stack        000000
___lldiv                                                      text15       003768
___lldiv@counter                                              cstackBANK0  0000AB
___lldiv@dividend                                             cstackBANK0  00009F
___lldiv@divisor                                              cstackBANK0  0000A3
___lldiv@quotient                                             cstackBANK0  0000A7
___llmod                                                      text14       003A8C
___llmod@counter                                              cstackBANK0  0000A7
___llmod@dividend                                             cstackBANK0  00009F
___llmod@divisor                                              cstackBANK0  0000A3
___lltoft                                                     text13       003BDC
___lltoft@c                                                   cstackBANK0  0000AE
___lltoft@exp                                                 cstackBANK0  0000B6
___sp                                                         stack        000000
___wmul                                                       text7        003E18
___wmul@multiplicand                                          cstackBANK0  0000AF
___wmul@multiplier                                            cstackBANK0  0000AD
___wmul@product                                               cstackBANK0  0000B1
__accesstop                                                   (abs)        000080
__activetblptr                                                (abs)        000002
__cntErrataNOP_/tmp/cgt4aM9fv.obj                             (abs)        000001
__cntErrataNOP_dist/default/debug/PracticeProject.X.debug.obj (abs)        0000CF
__div_to_l_                                                   text12       00290A
__div_to_l_@cntr                                              cstackBANK0  0000AD
__div_to_l_@exp1                                              cstackBANK0  0000AE
__div_to_l_@f1                                                cstackBANK0  00009F
__div_to_l_@f2                                                cstackBANK0  0000A2
__div_to_l_@quot                                              cstackBANK0  0000A9
__end_of_CloseTimer0                                          text30       004000
__end_of_CountPerRev                                          smallconst   000699
__end_of_Delay100TCYx                                         text25       003FCA
__end_of_Delay10TCYx                                          text24       003F9E
__end_of_Delay1KTCYx                                          text29       003FE0
__end_of_DisplayLCD                                           text23       003BDC
__end_of_EncoderPoll                                          smallconst   00069B
__end_of_InitApp                                              text27       003E18
__end_of_InitInterrupts                                       text26       003F5C
__end_of_QEM                                                  smallconst   000697
__end_of_ReadEncoder                                          text35       00290A
__end_of_TimerStopped                                         intcodelo    00019E
__end_of_WaitHalfSec                                          text28       003E8C
__end_of_WriteLCD                                             text2        00349A
__end_of_WriteTimer0                                          text1        003FB4
__end_of___awdiv                                              text10       00368E
__end_of___awmod                                              text9        0039E0
__end_of___awtoft                                             text39       003D18
__end_of___ftadd                                              text18       0026AA
__end_of___ftdiv                                              text21       00338A
__end_of___ftge                                               text20       003918
__end_of___ftmul                                              text8        002F9E
__end_of___ftneg                                              text19       003EFC
__end_of___ftpack                                             text22       0035A8
__end_of___ftsub                                              text17       003D9E
__end_of___fttol                                              text16       003240
__end_of___lldiv                                              text15       003840
__end_of___llmod                                              text14       003B34
__end_of___lltoft                                             text13       003C5E
__end_of___wmul                                               text7        003E52
__end_of__div_to_l_                                           text12       002AEC
__end_of__initialization                                      cinit        003DD2
__end_of__npowers_                                            smallconst   000650
__end_of__powers_                                             smallconst   000677
__end_of__stringdata                                          smallconst   0006A1
__end_of__tdiv_to_l_                                          text11       002E36
__end_of_dpowers                                              smallconst   000629
__end_of_fabs                                                 text33       003D5E
__end_of_fround                                               text6        002426
__end_of_high_isr                                             intcode_body 003CCC
__end_of_isdigit                                              text5        003F2C
__end_of_low_isr                                              intcodelo    000108
__end_of_main                                                 text0        0030F2
__end_of_scale                                                text4        00210E
__end_of_sprintf                                              text3        001B72
__end_ofi1_WriteTimer0                                        text32       003FF6
__end_ofi1___ftadd                                            text37       002C9C
__end_ofi1___ftdiv                                            text38       003768
__end_ofi1___ftneg                                            text34       003F86
__end_ofi1___ftpack                                           text40       003A8C
__end_ofi1___ftsub                                            text36       003EC6
__initialization                                              cinit        003D9E
__mediumconst                                                 mediumconst  000000
__npowers_                                                    smallconst   000629
__pbssBANK1                                                   bssBANK1     000180
__pbssCOMRAM                                                  bssCOMRAM    00004D
__pcinit                                                      cinit        003D9E
__pcstackBANK0                                                cstackBANK0  000080
__pcstackBANK1                                                cstackBANK1  000100
__pcstackCOMRAM                                               cstackCOMRAM 000001
__pdataBANK1                                                  dataBANK1    00016E
__pidataBANK1                                                 idataBANK1   0001A2
__pintcode                                                    intcode      000008
__pintcode_body                                               intcode_body 003C5E
__pintcodelo                                                  intcodelo    000018
__powers_                                                     smallconst   000650
__psmallconst                                                 smallconst   000600
__ptext0                                                      text0        002F9E
__ptext1                                                      text1        003F9E
__ptext10                                                     text10       0035A8
__ptext11                                                     text11       002C9C
__ptext12                                                     text12       00290A
__ptext13                                                     text13       003BDC
__ptext14                                                     text14       003A8C
__ptext15                                                     text15       003768
__ptext16                                                     text16       0030F2
__ptext17                                                     text17       003D5E
__ptext18                                                     text18       002426
__ptext19                                                     text19       003EC6
__ptext2                                                      text2        00338A
__ptext20                                                     text20       003840
__ptext21                                                     text21       003240
__ptext22                                                     text22       00349A
__ptext23                                                     text23       003B34
__ptext24                                                     text24       003F86
__ptext25                                                     text25       003FB4
__ptext26                                                     text26       003F2C
__ptext27                                                     text27       003DDC
__ptext28                                                     text28       003E52
__ptext29                                                     text29       003FCA
__ptext3                                                      text3        0006A2
__ptext30                                                     text30       003FF6
__ptext32                                                     text32       003FE0
__ptext33                                                     text33       003D18
__ptext34                                                     text34       003F5C
__ptext35                                                     text35       0026AA
__ptext36                                                     text36       003E8C
__ptext37                                                     text37       002AEC
__ptext38                                                     text38       00368E
__ptext39                                                     text39       003CCC
__ptext4                                                      text4        001B72
__ptext40                                                     text40       0039E0
__ptext5                                                      text5        003EFC
__ptext6                                                      text6        00210E
__ptext7                                                      text7        003E18
__ptext8                                                      text8        002E36
__ptext9                                                      text9        003918
__ramtop                                                      ramtop       000600
__size_of_CloseTimer0                                         (abs)        000000
__size_of_Delay100TCYx                                        (abs)        000000
__size_of_Delay10TCYx                                         (abs)        000000
__size_of_Delay1KTCYx                                         (abs)        000000
__size_of_DisplayLCD                                          (abs)        000000
__size_of_InitApp                                             (abs)        000000
__size_of_InitInterrupts                                      (abs)        000000
__size_of_ReadEncoder                                         (abs)        000000
__size_of_TimerStopped                                        (abs)        000000
__size_of_WaitHalfSec                                         (abs)        000000
__size_of_WriteLCD                                            (abs)        000000
__size_of_WriteTimer0                                         (abs)        000000
__size_of___awdiv                                             (abs)        000000
__size_of___awmod                                             (abs)        000000
__size_of___awtoft                                            (abs)        000000
__size_of___ftadd                                             (abs)        000000
__size_of___ftdiv                                             (abs)        000000
__size_of___ftge                                              (abs)        000000
__size_of___ftmul                                             (abs)        000000
__size_of___ftneg                                             (abs)        000000
__size_of___ftpack                                            (abs)        000000
__size_of___ftsub                                             (abs)        000000
__size_of___fttol                                             (abs)        000000
__size_of___lldiv                                             (abs)        000000
__size_of___llmod                                             (abs)        000000
__size_of___lltoft                                            (abs)        000000
__size_of___wmul                                              (abs)        000000
__size_of__div_to_l_                                          (abs)        000000
__size_of__tdiv_to_l_                                         (abs)        000000
__size_of_fabs                                                (abs)        000000
__size_of_fround                                              (abs)        000000
__size_of_high_isr                                            (abs)        000000
__size_of_isdigit                                             (abs)        000000
__size_of_low_isr                                             (abs)        000000
__size_of_main                                                (abs)        000000
__size_of_scale                                               (abs)        000000
__size_of_sprintf                                             (abs)        000000
__size_ofi1_WriteTimer0                                       (abs)        000000
__size_ofi1___ftadd                                           (abs)        000000
__size_ofi1___ftdiv                                           (abs)        000000
__size_ofi1___ftneg                                           (abs)        000000
__size_ofi1___ftpack                                          (abs)        000000
__size_ofi1___ftsub                                           (abs)        000000
__smallconst                                                  smallconst   000600
__stringdata                                                  smallconst   00069B
__tdiv_to_l_                                                  text11       002C9C
__tdiv_to_l_@cntr                                             cstackBANK0  0000AC
__tdiv_to_l_@exp1                                             cstackBANK0  0000AD
__tdiv_to_l_@f1                                               cstackBANK0  00009F
__tdiv_to_l_@f2                                               cstackBANK0  0000A2
__tdiv_to_l_@quot                                             cstackBANK0  0000A8
_dpowers                                                      smallconst   000601
_fabs                                                         text33       003D18
_fround                                                       text6        00210E
_fround$1745                                                  cstackBANK0  0000CF
_fround$1746                                                  cstackBANK0  0000CC
_high_isr                                                     intcode      000008
_isdigit                                                      text5        003EFC
_isdigit$1512                                                 cstackBANK0  0000A0
_low_isr                                                      intcodelo    000018
_main                                                         text0        002F9E
_scale                                                        text4        001B72
_scale$1747                                                   cstackBANK0  0000CC
_sprintf                                                      text3        0006A2
_sprintf$1138                                                 cstackBANK1  00011D
_sprintf$1748                                                 cstackBANK1  00011A
end_of_initialization                                         cinit        003DD2
fabs@d                                                        cstackCOMRAM 000004
fround@prec                                                   cstackBANK0  0000D2
i1WriteTimer0@timer                                           cstackCOMRAM 000003
i1WriteTimer0@timer0                                          cstackCOMRAM 000001
i1_WriteTimer0                                                text32       003FE0
i1___ftadd                                                    text37       002AEC
i1___ftadd@exp1                                               cstackCOMRAM 000027
i1___ftadd@exp2                                               cstackCOMRAM 000026
i1___ftadd@f1                                                 cstackCOMRAM 00001C
i1___ftadd@f2                                                 cstackCOMRAM 00001F
i1___ftadd@sign                                               cstackCOMRAM 000025
i1___ftdiv                                                    text38       00368E
i1___ftdiv@cntr                                               cstackCOMRAM 000016
i1___ftdiv@exp                                                cstackCOMRAM 00001A
i1___ftdiv@f1                                                 cstackCOMRAM 00000D
i1___ftdiv@f2                                                 cstackCOMRAM 000010
i1___ftdiv@f3                                                 cstackCOMRAM 000017
i1___ftdiv@sign                                               cstackCOMRAM 00001B
i1___ftneg                                                    text34       003F5C
i1___ftneg@f1                                                 cstackCOMRAM 000001
i1___ftpack                                                   text40       0039E0
i1___ftpack@arg                                               cstackCOMRAM 000001
i1___ftpack@exp                                               cstackCOMRAM 000004
i1___ftpack@sign                                              cstackCOMRAM 000005
i1___ftsub                                                    text36       003E8C
i1___ftsub@f1                                                 cstackCOMRAM 000028
i1___ftsub@f2                                                 cstackCOMRAM 00002B
int_func                                                      intcode_body 003C5E
intlevel0                                                     text         0001B4
intlevel1                                                     text         0001B4
intlevel2                                                     text         0001B4
intlevel3                                                     text         0001B4
isdigit@c                                                     cstackBANK0  0000A1
main@F3981                                                    dataBANK1    00016E
main@F3983                                                    dataBANK1    000175
main@F3985                                                    dataBANK1    00017B
main@LCDinit                                                  cstackBANK1  000152
main@Msg1                                                     cstackBANK1  000159
main@Msg2                                                     cstackBANK1  00015F
main@Msg3                                                     cstackBANK1  000164
scale@scl                                                     cstackBANK0  0000CF
sprintf@_val                                                  cstackBANK1  000137
sprintf@ap                                                    cstackBANK1  00012C
sprintf@c                                                     cstackBANK1  000143
sprintf@ccnt                                                  cstackBANK1  00012E
sprintf@exp                                                   cstackBANK1  00013C
sprintf@f                                                     cstackBANK1  00010B
sprintf@flag                                                  cstackBANK1  000135
sprintf@fval                                                  cstackBANK1  00013E
sprintf@integ                                                 cstackBANK1  000130
sprintf@prec                                                  cstackBANK1  000141
sprintf@sp                                                    cstackBANK1  000109
sprintf@temp                                                  cstackBANK1  000129
sprintf@vd                                                    cstackBANK1  000121
sprintf@vd_1140                                               cstackBANK1  000125
sprintf@width                                                 cstackBANK1  000133
stackhi                                                       (abs)        0005EE
stacklo                                                       (abs)        000183
start                                                         init         00019E
start_initialization                                          cinit        003D9E


FUNCTION INFORMATION:

 *************** function _main *****************
 Defined at:
		line 49 in file "main.c"
 Parameters:    Size  Location     Type
		None
 Auto vars:     Size  Location     Type
  Msg3           10  100[BANK1 ] unsigned char [10]
  LCDinit         7   82[BANK1 ] unsigned char [7]
  Msg1            6   89[BANK1 ] unsigned char [6]
  Msg2            5   95[BANK1 ] unsigned char [5]
 Return value:  Size  Location     Type
                  2   50[COMRAM] int 
 Registers used:
		wreg, fsr1l, fsr1h, fsr2l, fsr2h, status,2, status,0, tblptrl, tblptrh, tblptru, prodl, prodh, cstack
 Tracked objects:
		On entry : 
		On exit  : 
		Unchanged: 
 Data sizes:     COMRAM   BANK0   BANK1   BANK2   BANK3   BANK4   BANK5
      Params:         0       0       0       0       0       0       0
      Locals:         0       0      28       0       0       0       0
      Temps:          0       0       1       0       0       0       0
      Totals:         0       0      29       0       0       0       0
Total ram usage:       29 bytes
 Hardware stack levels required when called:   11
 This function calls:
		_CloseTimer0
		_DisplayLCD
		_InitApp
		_InitInterrupts
		_WaitHalfSec
		_WriteLCD
		_WriteTimer0
 This function is called by:
		Startup code after reset
 This function uses a non-reentrant model


 *************** function _WriteTimer0 *****************
 Defined at:
		line 16 in file "/Applications/microchip/xc8/v1.33/sources/pic18/plib/Timers/t0write.c"
 Parameters:    Size  Location     Type
  timer0          2   31[BANK0 ] unsigned int 
 Auto vars:     Size  Location     Type
  timer           2   33[BANK0 ] struct Timers
 Return value:  Size  Location     Type
		None               void
 Registers used:
		None
 Tracked objects:
		On entry : 
		On exit  : 
		Unchanged: 
 Data sizes:     COMRAM   BANK0   BANK1   BANK2   BANK3   BANK4   BANK5
      Params:         0       2       0       0       0       0       0
      Locals:         0       2       0       0       0       0       0
      Temps:          0       0       0       0       0       0       0
      Totals:         0       4       0       0       0       0       0
Total ram usage:        4 bytes
 Hardware stack levels used:    1
 Hardware stack levels required when called:    6
 This function calls:
		Nothing
 This function is called by:
		_main
 This function uses a non-reentrant model


 *************** function _WriteLCD *****************
 Defined at:
		line 269 in file "user.c"
 Parameters:    Size  Location     Type
  LCDstart        2   68[BANK1 ] int 
  len             2   70[BANK1 ] int 
  var             3   72[BANK1 ] int 
  Msg             2   75[BANK1 ] PTR unsigned char 
		 -> main@Msg3(10), 
 Auto vars:     Size  Location     Type
  width           2   79[BANK1 ] int 
  msgptr          2   77[BANK1 ] PTR unsigned char 
		 -> main@Msg3(10), 
 Return value:  Size  Location     Type
		None               void
 Registers used:
		wreg, fsr2l, fsr2h, status,2, status,0, tblptrl, tblptrh, tblptru, prodl, prodh, cstack
 Tracked objects:
		On entry : 
		On exit  : 
		Unchanged: 
 Data sizes:     COMRAM   BANK0   BANK1   BANK2   BANK3   BANK4   BANK5
      Params:         0       0       9       0       0       0       0
      Locals:         0       0       4       0       0       0       0
      Temps:          0       2       0       0       0       0       0
      Totals:         0       2      13       0       0       0       0
Total ram usage:       15 bytes
 Hardware stack levels used:    1
 Hardware stack levels required when called:   10
 This function calls:
		_DisplayLCD
		_sprintf
 This function is called by:
		_main
 This function uses a non-reentrant model


 *************** function _sprintf *****************
 Defined at:
		line 492 in file "/Applications/microchip/xc8/v1.33/sources/common/doprnt.c"
 Parameters:    Size  Location     Type
  sp              2    9[BANK1 ] PTR unsigned char 
		 -> main@Msg3(10), 
  f               2   11[BANK1 ] PTR const unsigned char 
		 -> STR_1(6), 
 Auto vars:     Size  Location     Type
  vd              4   33[BANK1 ] unsigned long 
  temp            3   41[BANK1 ] unsigned long 
  vd              4   37[BANK1 ] unsigned long 
  _val            5   55[BANK1 ] struct .
  fval            3   62[BANK1 ] struct .
  integ           3   48[BANK1 ] struct .
  ival            3    0        struct .
  prec            2   65[BANK1 ] int 
  exp             2   60[BANK1 ] int 
  flag            2   53[BANK1 ] unsigned short 
  width           2   51[BANK1 ] int 
  ccnt            2   46[BANK1 ] int 
  ap              2   44[BANK1 ] PTR void [1]
		 -> ?_sprintf(2), 
  c               1   67[BANK1 ] char 
  d               1    0        unsigned char 
 Return value:  Size  Location     Type
                  2    9[BANK1 ] int 
 Registers used:
		wreg, fsr2l, fsr2h, status,2, status,0, tblptrl, tblptrh, tblptru, prodl, prodh, cstack
 Tracked objects:
		On entry : 
		On exit  : 
		Unchanged: 
 Data sizes:     COMRAM   BANK0   BANK1   BANK2   BANK3   BANK4   BANK5
      Params:         0       0      11       0       0       0       0
      Locals:         0       0      42       0       0       0       0
      Temps:          0       0       6       0       0       0       0
      Totals:         0       0      59       0       0       0       0
Total ram usage:       59 bytes
 Hardware stack levels used:    1
 Hardware stack levels required when called:    9
 This function calls:
		___awdiv
		___awmod
		___ftadd
		___ftdiv
		___ftge
		___ftmul
		___ftneg
		___ftsub
		___fttol
		___lldiv
		___llmod
		___lltoft
		___wmul
		__div_to_l_
		__tdiv_to_l_
		_fround
		_isdigit
		_scale
 This function is called by:
		_WriteLCD
 This function uses a non-reentrant model


 *************** function _scale *****************
 Defined at:
		line 425 in file "/Applications/microchip/xc8/v1.33/sources/common/doprnt.c"
 Parameters:    Size  Location     Type
  scl             1    wreg     char 
 Auto vars:     Size  Location     Type
  scl             1   79[BANK0 ] char 
 Return value:  Size  Location     Type
                  3   73[BANK0 ] char 
 Registers used:
		wreg, status,2, status,0, tblptrl, tblptrh, tblptru, prodl, prodh, cstack
 Tracked objects:
		On entry : 
		On exit  : 
		Unchanged: 
 Data sizes:     COMRAM   BANK0   BANK1   BANK2   BANK3   BANK4   BANK5
      Params:         0       3       0       0       0       0       0
      Locals:         0       4       0       0       0       0       0
      Temps:          0       0       0       0       0       0       0
      Totals:         0       7       0       0       0       0       0
Total ram usage:        7 bytes
 Hardware stack levels used:    1
 Hardware stack levels required when called:    8
 This function calls:
		___awdiv
		___awmod
		___ftmul
		___wmul
 This function is called by:
		_sprintf
 This function uses a non-reentrant model


 *************** function _isdigit *****************
 Defined at:
		line 8 in file "/Applications/microchip/xc8/v1.33/sources/common/isdigit.c"
 Parameters:    Size  Location     Type
  c               1    wreg     unsigned char 
 Auto vars:     Size  Location     Type
  c               1   33[BANK0 ] unsigned char 
 Return value:  Size  Location     Type
		None               void
 Registers used:
		wreg, status,2, status,0
 Tracked objects:
		On entry : 
		On exit  : 
		Unchanged: 
 Data sizes:     COMRAM   BANK0   BANK1   BANK2   BANK3   BANK4   BANK5
      Params:         0       0       0       0       0       0       0
      Locals:         0       2       0       0       0       0       0
      Temps:          0       1       0       0       0       0       0
      Totals:         0       3       0       0       0       0       0
Total ram usage:        3 bytes
 Hardware stack levels used:    1
 Hardware stack levels required when called:    6
 This function calls:
		Nothing
 This function is called by:
		_sprintf
 This function uses a non-reentrant model


 *************** function _fround *****************
 Defined at:
		line 409 in file "/Applications/microchip/xc8/v1.33/sources/common/doprnt.c"
 Parameters:    Size  Location     Type
  prec            1    wreg     unsigned char 
 Auto vars:     Size  Location     Type
  prec            1   82[BANK0 ] unsigned char 
 Return value:  Size  Location     Type
                  3   73[BANK0 ] unsigned char 
 Registers used:
		wreg, status,2, status,0, tblptrl, tblptrh, tblptru, prodl, prodh, cstack
 Tracked objects:
		On entry : 
		On exit  : 
		Unchanged: 
 Data sizes:     COMRAM   BANK0   BANK1   BANK2   BANK3   BANK4   BANK5
      Params:         0       3       0       0       0       0       0
      Locals:         0       7       0       0       0       0       0
      Temps:          0       0       0       0       0       0       0
      Totals:         0      10       0       0       0       0       0
Total ram usage:       10 bytes
 Hardware stack levels used:    1
 Hardware stack levels required when called:    8
 This function calls:
		___awdiv
		___awmod
		___ftmul
		___wmul
 This function is called by:
		_sprintf
 This function uses a non-reentrant model


 *************** function ___wmul *****************
 Defined at:
		line 15 in file "/Applications/microchip/xc8/v1.33/sources/common/Umul16.c"
 Parameters:    Size  Location     Type
  multiplier      2   45[BANK0 ] unsigned int 
  multiplicand    2   47[BANK0 ] unsigned int 
 Auto vars:     Size  Location     Type
  product         2   49[BANK0 ] unsigned int 
 Return value:  Size  Location     Type
                  2   45[BANK0 ] unsigned int 
 Registers used:
		wreg, status,2, status,0, prodl, prodh
 Tracked objects:
		On entry : 
		On exit  : 
		Unchanged: 
 Data sizes:     COMRAM   BANK0   BANK1   BANK2   BANK3   BANK4   BANK5
      Params:         0       4       0       0       0       0       0
      Locals:         0       2       0       0       0       0       0
      Temps:          0       0       0       0       0       0       0
      Totals:         0       6       0       0       0       0       0
Total ram usage:        6 bytes
 Hardware stack levels used:    1
 Hardware stack levels required when called:    6
 This function calls:
		Nothing
 This function is called by:
		_fround
		_scale
		_sprintf
 This function uses a non-reentrant model


 *************** function ___ftmul *****************
 Defined at:
		line 62 in file "/Applications/microchip/xc8/v1.33/sources/common/ftmul.c"
 Parameters:    Size  Location     Type
  f1              3   58[BANK0 ] float 
  f2              3   61[BANK0 ] float 
 Auto vars:     Size  Location     Type
  f3_as_produc    3   68[BANK0 ] unsigned um
  sign            1   72[BANK0 ] unsigned char 
  cntr            1   71[BANK0 ] unsigned char 
  exp             1   67[BANK0 ] unsigned char 
 Return value:  Size  Location     Type
                  3   58[BANK0 ] float 
 Registers used:
		wreg, status,2, status,0, cstack
 Tracked objects:
		On entry : 
		On exit  : 
		Unchanged: 
 Data sizes:     COMRAM   BANK0   BANK1   BANK2   BANK3   BANK4   BANK5
      Params:         0       6       0       0       0       0       0
      Locals:         0       6       0       0       0       0       0
      Temps:          0       3       0       0       0       0       0
      Totals:         0      15       0       0       0       0       0
Total ram usage:       15 bytes
 Hardware stack levels used:    1
 Hardware stack levels required when called:    7
 This function calls:
		___ftpack
 This function is called by:
		_fround
		_scale
		_sprintf
 This function uses a non-reentrant model


 *************** function ___awmod *****************
 Defined at:
		line 8 in file "/Applications/microchip/xc8/v1.33/sources/common/awmod.c"
 Parameters:    Size  Location     Type
  dividend        2   31[BANK0 ] int 
  divisor         2   33[BANK0 ] int 
 Auto vars:     Size  Location     Type
  sign            1   36[BANK0 ] unsigned char 
  counter         1   35[BANK0 ] unsigned char 
 Return value:  Size  Location     Type
                  2   31[BANK0 ] int 
[...]
		Unchanged: 
 Data sizes:     COMRAM   BANK0   BANK1   BANK2   BANK3   BANK4   BANK5
      Params:         0       0       0       0       0       0       0
      Locals:         0       0       0       0       0       0       0
      Temps:          0       0       0       0       0       0       0
      Totals:         0       0       0       0       0       0       0
Total ram usage:        0 bytes
 Hardware stack levels used:    1
 Hardware stack levels required when called:    6
 This function calls:
		Nothing
 This function is called by:
		_main
 This function uses a non-reentrant model


 *************** function _low_isr *****************
 Defined at:
		line 109 in file "main.c"
 Parameters:    Size  Location     Type
		None
 Auto vars:     Size  Location     Type
		None
 Return value:  Size  Location     Type
		None               void
 Registers used:
		wreg, status,2, status,0, tblptrl, tblptrh, tblptru, prodl, cstack
 Tracked objects:
		On entry : 
		On exit  : 
		Unchanged: 
 Data sizes:     COMRAM   BANK0   BANK1   BANK2   BANK3   BANK4   BANK5
      Params:         0       0       0       0       0       0       0
      Locals:         0       0       0       0       0       0       0
      Temps:         17       0       0       0       0       0       0
      Totals:        17       0       0       0       0       0       0
Total ram usage:       17 bytes
 Hardware stack levels used:    1
 Hardware stack levels required when called:    5
 This function calls:
		_ReadEncoder
		_fabs
		i1_WriteTimer0
		i1___ftdiv
 This function is called by:
		Interrupt level 1
 This function uses a non-reentrant model


 *************** function i1_WriteTimer0 *****************
 Defined at:
		line 16 in file "/Applications/microchip/xc8/v1.33/sources/pic18/plib/Timers/t0write.c"
 Parameters:    Size  Location     Type
  timer0          2    0[COMRAM] unsigned int 
 Auto vars:     Size  Location     Type
  WriteTimer0     2    2[COMRAM] struct Timers
 Return value:  Size  Location     Type
		None               void
 Registers used:
		None
 Tracked objects:
		On entry : 
		On exit  : 
		Unchanged: 
 Data sizes:     COMRAM   BANK0   BANK1   BANK2   BANK3   BANK4   BANK5
      Params:         2       0       0       0       0       0       0
      Locals:         2       0       0       0       0       0       0
      Temps:          0       0       0       0       0       0       0
      Totals:         4       0       0       0       0       0       0
Total ram usage:        4 bytes
 Hardware stack levels used:    1
 Hardware stack levels required when called:    1
 This function calls:
		Nothing
 This function is called by:
		_low_isr
 This function uses a non-reentrant model


 *************** function _fabs *****************
 Defined at:
		line 4 in file "/Applications/microchip/xc8/v1.33/sources/common/fabs.c"
 Parameters:    Size  Location     Type
  d               3    3[COMRAM] struct Timers
 Auto vars:     Size  Location     Type
		None
 Return value:  Size  Location     Type
                  3    3[COMRAM] struct Timers
 Registers used:
		wreg, status,2, status,0, cstack
 Tracked objects:
		On entry : 
		On exit  : 
		Unchanged: 
 Data sizes:     COMRAM   BANK0   BANK1   BANK2   BANK3   BANK4   BANK5
      Params:         3       0       0       0       0       0       0
      Locals:         0       0       0       0       0       0       0
      Temps:          0       0       0       0       0       0       0
      Totals:         3       0       0       0       0       0       0
Total ram usage:        3 bytes
 Hardware stack levels used:    1
 Hardware stack levels required when called:    2
 This function calls:
		i1___ftneg
 This function is called by:
		_low_isr
 This function uses a non-reentrant model


 *************** function i1___ftneg *****************
 Defined at:
		line 15 in file "/Applications/microchip/xc8/v1.33/sources/common/ftneg.c"
 Parameters:    Size  Location     Type
  f1              3    0[COMRAM] float 
 Auto vars:     Size  Location     Type
		None
 Return value:  Size  Location     Type
                  3    0[COMRAM] float 
 Registers used:
		wreg, status,2, status,0
 Tracked objects:
		On entry : 
		On exit  : 
		Unchanged: 
 Data sizes:     COMRAM   BANK0   BANK1   BANK2   BANK3   BANK4   BANK5
      Params:         3       0       0       0       0       0       0
      Locals:         0       0       0       0       0       0       0
      Temps:          0       0       0       0       0       0       0
      Totals:         3       0       0       0       0       0       0
Total ram usage:        3 bytes
 Hardware stack levels used:    1
 Hardware stack levels required when called:    1
 This function calls:
		Nothing
 This function is called by:
		_fabs
 This function uses a non-reentrant model


 *************** function _ReadEncoder *****************
 Defined at:
		line 195 in file "user.c"
 Parameters:    Size  Location     Type
		None
 Auto vars:     Size  Location     Type
  NEW_ROT         2   57[COMRAM] int 
  Bnew            2   55[COMRAM] int 
  Anew            2   53[COMRAM] int 
  New             2   51[COMRAM] int 
  Old             2   49[COMRAM] int 
 Return value:  Size  Location     Type
		None               void
 Registers used:
		wreg, status,2, status,0, tblptrl, tblptrh, tblptru, prodl, cstack
 Tracked objects:
		On entry : 
		On exit  : 
		Unchanged: 
 Data sizes:     COMRAM   BANK0   BANK1   BANK2   BANK3   BANK4   BANK5
      Params:         0       0       0       0       0       0       0
      Locals:        10       0       0       0       0       0       0
      Temps:          4       0       0       0       0       0       0
      Totals:        14       0       0       0       0       0       0
Total ram usage:       14 bytes
 Hardware stack levels used:    1
 Hardware stack levels required when called:    4
 This function calls:
		___awtoft
		i1___ftadd
		i1___ftdiv
		i1___ftsub
 This function is called by:
		_low_isr
 This function uses a non-reentrant model


 *************** function i1___ftsub *****************
 Defined at:
		line 20 in file "/Applications/microchip/xc8/v1.33/sources/common/ftsub.c"
 Parameters:    Size  Location     Type
  f1              3   39[COMRAM] float 
  f2              3   42[COMRAM] float 
 Auto vars:     Size  Location     Type
		None
 Return value:  Size  Location     Type
                  3   39[COMRAM] float 
 Registers used:
		wreg, status,2, status,0, cstack
 Tracked objects:
		On entry : 
		On exit  : 
		Unchanged: 
 Data sizes:     COMRAM   BANK0   BANK1   BANK2   BANK3   BANK4   BANK5
      Params:         6       0       0       0       0       0       0
      Locals:         0       0       0       0       0       0       0
      Temps:          0       0       0       0       0       0       0
      Totals:         6       0       0       0       0       0       0
Total ram usage:        6 bytes
 Hardware stack levels used:    1
 Hardware stack levels required when called:    3
 This function calls:
		i1___ftadd
 This function is called by:
		_ReadEncoder
 This function uses a non-reentrant model


 *************** function i1___ftadd *****************
 Defined at:
		line 86 in file "/Applications/microchip/xc8/v1.33/sources/common/ftadd.c"
 Parameters:    Size  Location     Type
  f1              3   27[COMRAM] float 
  f2              3   30[COMRAM] float 
 Auto vars:     Size  Location     Type
  __ftadd         1   38[COMRAM] unsigned char 
  __ftadd         1   37[COMRAM] unsigned char 
  __ftadd         1   36[COMRAM] unsigned char 
 Return value:  Size  Location     Type
                  3   27[COMRAM] float 
 Registers used:
		wreg, status,2, status,0, cstack
 Tracked objects:
		On entry : 
		On exit  : 
		Unchanged: 
 Data sizes:     COMRAM   BANK0   BANK1   BANK2   BANK3   BANK4   BANK5
      Params:         6       0       0       0       0       0       0
      Locals:         3       0       0       0       0       0       0
      Temps:          3       0       0       0       0       0       0
      Totals:        12       0       0       0       0       0       0
Total ram usage:       12 bytes
 Hardware stack levels used:    1
 Hardware stack levels required when called:    2
 This function calls:
		i1___ftpack
 This function is called by:
		_ReadEncoder
		i1___ftsub
 This function uses a non-reentrant model


 *************** function i1___ftdiv *****************
 Defined at:
		line 49 in file "/Applications/microchip/xc8/v1.33/sources/common/ftdiv.c"
 Parameters:    Size  Location     Type
  f1              3   12[COMRAM] float 
  f2              3   15[COMRAM] float 
 Auto vars:     Size  Location     Type
  __ftdiv         3   22[COMRAM] float 
  __ftdiv         1   26[COMRAM] unsigned char 
  __ftdiv         1   25[COMRAM] unsigned char 
  __ftdiv         1   21[COMRAM] unsigned char 
 Return value:  Size  Location     Type
                  3   12[COMRAM] float 
 Registers used:
		wreg, status,2, status,0, cstack
 Tracked objects:
		On entry : 
		On exit  : 
		Unchanged: 
 Data sizes:     COMRAM   BANK0   BANK1   BANK2   BANK3   BANK4   BANK5
      Params:         6       0       0       0       0       0       0
      Locals:         6       0       0       0       0       0       0
      Temps:          3       0       0       0       0       0       0
      Totals:        15       0       0       0       0       0       0
Total ram usage:       15 bytes
 Hardware stack levels used:    1
 Hardware stack levels required when called:    2
 This function calls:
		i1___ftpack
 This function is called by:
		_low_isr
		_ReadEncoder
 This function uses a non-reentrant model


 *************** function ___awtoft *****************
 Defined at:
		line 32 in file "/Applications/microchip/xc8/v1.33/sources/common/awtoft.c"
 Parameters:    Size  Location     Type
  c               2    8[COMRAM] int 
 Auto vars:     Size  Location     Type
  sign            1   11[COMRAM] unsigned char 
 Return value:  Size  Location     Type
                  3    8[COMRAM] float 
 Registers used:
		wreg, status,2, status,0, prodl, cstack
 Tracked objects:
		On entry : 
		On exit  : 
		Unchanged: 
 Data sizes:     COMRAM   BANK0   BANK1   BANK2   BANK3   BANK4   BANK5
      Params:         3       0       0       0       0       0       0
      Locals:         1       0       0       0       0       0       0
      Temps:          0       0       0       0       0       0       0
      Totals:         4       0       0       0       0       0       0
Total ram usage:        4 bytes
 Hardware stack levels used:    1
 Hardware stack levels required when called:    2
 This function calls:
		i1___ftpack
 This function is called by:
		_ReadEncoder
 This function uses a non-reentrant model


 *************** function i1___ftpack *****************
 Defined at:
		line 62 in file "/Applications/microchip/xc8/v1.33/sources/common/float.c"
 Parameters:    Size  Location     Type
  arg             3    0[COMRAM] unsigned um
  exp             1    3[COMRAM] unsigned char 
  sign            1    4[COMRAM] unsigned char 
 Auto vars:     Size  Location     Type
		None
 Return value:  Size  Location     Type
                  3    0[COMRAM] float 
 Registers used:
		wreg, status,2, status,0
 Tracked objects:
		On entry : 
		On exit  : 
		Unchanged: 
 Data sizes:     COMRAM   BANK0   BANK1   BANK2   BANK3   BANK4   BANK5
      Params:         5       0       0       0       0       0       0
      Locals:         0       0       0       0       0       0       0
      Temps:          3       0       0       0       0       0       0
      Totals:         8       0       0       0       0       0       0
Total ram usage:        8 bytes
 Hardware stack levels used:    1
 Hardware stack levels required when called:    1
 This function calls:
		Nothing
 This function is called by:
		___awtoft
		i1___ftadd
		i1___ftdiv
 This function uses a non-reentrant model


 *************** function _TimerStopped *****************
 Defined at:
		line 15 in file "interrupts.c"
 Parameters:    Size  Location     Type
		None
 Auto vars:     Size  Location     Type
		None
 Return value:  Size  Location     Type
		None               void
 Registers used:
		None
 Tracked objects:
		On entry : 
		On exit  : 
		Unchanged: 
 Data sizes:     COMRAM   BANK0   BANK1   BANK2   BANK3   BANK4   BANK5
      Params:         0       0       0       0       0       0       0
      Locals:         0       0       0       0       0       0       0
      Temps:          0      17       0       0       0       0       0
      Totals:         0      17       0       0       0       0       0
Total ram usage:       17 bytes
 Hardware stack levels used:    1
 Hardware stack levels required when called:    1
 This function calls:
		Nothing
 This function is called by:
		Interrupt level 1
 This function uses a non-reentrant model


 *************** function _high_isr *****************
 Defined at:
		line 96 in file "main.c"
 Parameters:    Size  Location     Type
		None
 Auto vars:     Size  Location     Type
		None
 Return value:  Size  Location     Type
		None               void
 Registers used:
		None
 Tracked objects:
		On entry : 
		On exit  : 
		Unchanged: 
 Data sizes:     COMRAM   BANK0   BANK1   BANK2   BANK3   BANK4   BANK5
      Params:         0       0       0       0       0       0       0
      Locals:         0       0       0       0       0       0       0
      Temps:          0      14       0       0       0       0       0
      Totals:         0      14       0       0       0       0       0
Total ram usage:       14 bytes
 Hardware stack levels used:    1
 This function calls:
		Nothing
 This function is called by:
		Interrupt level 2
 This function uses a non-reentrant model



MODULE INFORMATION

Module		Function		Class		Link	Load	Size
/Applications/microchip/xc8/v1.33/sources/common/lltoft.c
		___lltoft      		CODE           	3BDC	0000	130

/Applications/microchip/xc8/v1.33/sources/common/lltoft.c estimated size: 130

/Applications/microchip/xc8/v1.33/sources/pic18/d1ktcyx.c
		_Delay1KTCYx   		CODE           	3FCA	0000	22

/Applications/microchip/xc8/v1.33/sources/pic18/d1ktcyx.c estimated size: 22

/Applications/microchip/xc8/v1.33/sources/pic18/plib/Timers/t0write.c
		_WriteTimer0   		CODE           	3F9E	0000	22

/Applications/microchip/xc8/v1.33/sources/pic18/plib/Timers/t0write.c estimated size: 22

/Applications/microchip/xc8/v1.33/sources/common/ftmul.c
		___ftmul       		CODE           	2E36	0000	360

/Applications/microchip/xc8/v1.33/sources/common/ftmul.c estimated size: 360

/Applications/microchip/xc8/v1.33/sources/pic18/plib/Timers/t0close.c
		_CloseTimer0   		CODE           	3FF6	0000	10

/Applications/microchip/xc8/v1.33/sources/pic18/plib/Timers/t0close.c estimated size: 10

/Applications/microchip/xc8/v1.33/sources/common/ftdiv.c
		___ftdiv       		CODE           	3240	0000	330

/Applications/microchip/xc8/v1.33/sources/common/ftdiv.c estimated size: 330

/Applications/microchip/xc8/v1.33/sources/pic18/d100tcyx.c
		_Delay100TCYx  		CODE           	3FB4	0000	22

/Applications/microchip/xc8/v1.33/sources/pic18/d100tcyx.c estimated size: 22

/Applications/microchip/xc8/v1.33/sources/common/doprnt.c
		_scale         		CODE           	1B72	0000	1436
		_sprintf       		CODE           	06A2	0000	5328
		_fround        		CODE           	210E	0000	792

/Applications/microchip/xc8/v1.33/sources/common/doprnt.c estimated size: 7556

interrupts.c
		_TimerStopped  		CODE           	0108	0000	150

interrupts.c estimated size: 150

/Applications/microchip/xc8/v1.33/sources/common/awdiv.c
		___awdiv       		CODE           	35A8	0000	230

/Applications/microchip/xc8/v1.33/sources/common/awdiv.c estimated size: 230

/Applications/microchip/xc8/v1.33/sources/common/ftge.c
		___ftge        		CODE           	3840	0000	216

/Applications/microchip/xc8/v1.33/sources/common/ftge.c estimated size: 216

/Applications/microchip/xc8/v1.33/sources/common/fabs.c
		_fabs          		CODE           	3D18	0000	70

/Applications/microchip/xc8/v1.33/sources/common/fabs.c estimated size: 70

/Applications/microchip/xc8/v1.33/sources/common/Umul16.c
		___wmul        		CODE           	3E18	0000	58

/Applications/microchip/xc8/v1.33/sources/common/Umul16.c estimated size: 58

/Applications/microchip/xc8/v1.33/sources/common/lldiv.c
		___lldiv       		CODE           	3768	0000	216

/Applications/microchip/xc8/v1.33/sources/common/lldiv.c estimated size: 216

/Applications/microchip/xc8/v1.33/sources/common/fttol.c
		___fttol       		CODE           	30F2	0000	334

/Applications/microchip/xc8/v1.33/sources/common/fttol.c estimated size: 334

/Applications/microchip/xc8/v1.33/sources/common/ftdivl.c
		__tdiv_to_l_   		CODE           	2C9C	0000	410

/Applications/microchip/xc8/v1.33/sources/common/ftdivl.c estimated size: 410

/Applications/microchip/xc8/v1.33/sources/common/isdigit.c
		_isdigit       		CODE           	3EFC	0000	48

/Applications/microchip/xc8/v1.33/sources/common/isdigit.c estimated size: 48

/Applications/microchip/xc8/v1.33/sources/common/ftadd.c
		___ftadd       		CODE           	2426	0000	644

/Applications/microchip/xc8/v1.33/sources/common/ftadd.c estimated size: 644

/Applications/microchip/xc8/v1.33/sources/common/fldivl.c
		__div_to_l_    		CODE           	290A	0000	482

/Applications/microchip/xc8/v1.33/sources/common/fldivl.c estimated size: 482

shared
		i1___ftneg     		CODE           	3F5C	0000	42
		i1___ftadd     		CODE           	2AEC	0000	432
		__stringdata   		SMALLCONST     	069B	0000	6
		i1___ftdiv     		CODE           	368E	0000	218
		__powers_      		SMALLCONST     	0650	0000	39
		_dpowers       		SMALLCONST     	0601	0000	40
		_EncoderPoll   		SMALLCONST     	0699	0000	2
		i1___ftpack    		CODE           	39E0	0000	172
		__npowers_     		SMALLCONST     	0629	0000	39
		__initializatio		CODE           	3D9E	0000	52
		i1___ftsub     		CODE           	3E8C	0000	58
		_CountPerRev   		SMALLCONST     	0697	0000	2
		_QEM           		SMALLCONST     	0677	0000	32
		i1_WriteTimer0 		CODE           	3FE0	0000	22

shared estimated size: 1156

/Applications/microchip/xc8/v1.33/sources/pic18/d10tcyx.c
		_Delay10TCYx   		CODE           	3F86	0000	24

/Applications/microchip/xc8/v1.33/sources/pic18/d10tcyx.c estimated size: 24

/Applications/microchip/xc8/v1.33/sources/common/ftneg.c
		___ftneg       		CODE           	3EC6	0000	54

/Applications/microchip/xc8/v1.33/sources/common/ftneg.c estimated size: 54

/Applications/microchip/xc8/v1.33/sources/common/ftsub.c
		___ftsub       		CODE           	3D5E	0000	64

/Applications/microchip/xc8/v1.33/sources/common/ftsub.c estimated size: 64

/Applications/microchip/xc8/v1.33/sources/common/awtoft.c
		___awtoft      		CODE           	3CCC	0000	76

/Applications/microchip/xc8/v1.33/sources/common/awtoft.c estimated size: 76

user.c
		_InitInterrupts		CODE           	3F2C	0000	48
		_InitApp       		CODE           	3DDC	0000	60
		_WriteLCD      		CODE           	338A	0000	272
		_WaitHalfSec   		CODE           	3E52	0000	58
		_ReadEncoder   		CODE           	26AA	0000	608
		_DisplayLCD    		CODE           	3B34	0000	168

user.c estimated size: 1214

/Applications/microchip/xc8/v1.33/sources/common/float.c
		___ftpack      		CODE           	349A	0000	270

/Applications/microchip/xc8/v1.33/sources/common/float.c estimated size: 270

/Applications/microchip/xc8/v1.33/sources/common/awmod.c
		___awmod       		CODE           	3918	0000	200

/Applications/microchip/xc8/v1.33/sources/common/awmod.c estimated size: 200

main.c
		_main          		CODE           	2F9E	0000	340
		_high_isr      		CODE           	0008	0000	15556
		_low_isr       		CODE           	0018	0000	240

main.c estimated size: 16136

/Applications/microchip/xc8/v1.33/sources/common/llmod.c
		___llmod       		CODE           	3A8C	0000	168

/Applications/microchip/xc8/v1.33/sources/common/llmod.c estimated size: 168

