Microchip MPLAB XC8 Compiler V1.33 ()

Linker command line:

--edf=/Applications/microchip/xc8/v1.33/dat/en_msgs.txt -cs \
  -h+dist/default/production/PracticeProject.X.production.sym \
  --cmf=dist/default/production/PracticeProject.X.production.cmf -z \
  -Q18F452 -o/tmp/cgt5TMBdV \
  -Mdist/default/production/PracticeProject.X.production.map -E1 -ver=XC8 \
  -ASTACK=0161h-05ffh -pstack=STACK -ACODE=00h-03FFFhx2 -ACONST=00h-07FFFh \
  -ASMALLCONST=0600h-06FFhx122 -AMEDIUMCONST=0600h-07FFFh -ACOMRAM=01h-07Fh \
  -AABS1=00h-05FFh -ABIGRAM=01h-05FFh -ARAM=080h-0FFh,0100h-01FFhx5 \
  -ABANK0=080h-0FFh -ABANK1=0100h-01FFh -ABANK2=0200h-02FFh \
  -ABANK3=0300h-03FFh -ABANK4=0400h-04FFh -ABANK5=0500h-05FFh \
  -ASFR=0F80h-0FFFh \
  -preset_vec=00h,intcode=08h,intcodelo=018h,powerup,init,end_init \
  -pramtop=0600h -psmallconst=SMALLCONST -pmediumconst=MEDIUMCONST \
  -pconst=CONST -AFARRAM=00h-00h -ACONFIG=0300000h-030000Dh -pconfig=CONFIG \
  -AIDLOC=0200000h-0200007h -pidloc=IDLOC -AEEDATA=0F00000h-0F000FFh \
  -peeprom_data=EEDATA \
  -prdata=COMRAM,nvrram=COMRAM,nvbit=COMRAM,rbss=COMRAM,rbit=COMRAM \
  -pfarbss=FARRAM,fardata=FARRAM,nvFARRAM=FARRAM \
  -pintsave_regs=BIGRAM,bigbss=BIGRAM,bigdata=BIGRAM -pbss=RAM \
  -pidata=CODE,irdata=CODE,ibigdata=CODE,ifardata=CODE /tmp/cgtR5FC5C.obj \
  dist/default/production/PracticeProject.X.production.obj 

Object code version is 3.11

Machine type is 18F452

Call graph: (short form)




                Name                               Link     Load   Length Selector   Space Scale
/tmp/cgtR5FC5C.obj
                end_init                            1E6      1E6        4        C       0
                text                               3B54     3B54        2      351       0
                reset_vec                             0        0        6        0       0
                idloc                            200000   200000        8   200000       0
                config                           300000   300000        E   300000       0
dist/default/production/PracticeProject.X.production.obj
                intcodelo                            18       18      1CE        C       0
                intcode                               8        8        E        4       0
                smallconst                          600      600       A2      300       0
                intcode_body                       384A     384A       6E      351       0
                text35                             35CC     35CC       AC      351       0
                text34                             38B8     38B8       4C      351       0
                text33                             3B22     3B22       16      351       0
                text32                             327A     327A       DA      351       0
                text30                             3B4A     3B4A        A      351       0
                text29                             3B0C     3B0C       16      351       0
                text28                             39F8     39F8       3A      351       0
                text27                             3982     3982       3C      351       0
                text26                             3A98     3A98       30      351       0
                text25                             3AF6     3AF6       16      351       0
                text24                             3AC8     3AC8       18      351       0
                text23                             3720     3720       A8      351       0
                text22                             2F8A     2F8A      10E      351       0
                text21                             2E40     2E40      14A      351       0
                text20                             342C     342C       D8      351       0
                text19                             3A32     3A32       36      351       0
                text18                             2426     2426      284      351       0
                text17                             3904     3904       40      351       0
                text16                             2CF2     2CF2      14E      351       0
                text15                             3354     3354       D8      351       0
                text14                             3678     3678       A8      351       0
                text13                             37C8     37C8       82      351       0
                text12                             26AA     26AA      1E2      351       0
                text11                             288C     288C      19A      351       0
                text10                             3194     3194       E6      351       0
                text9                              3504     3504       C8      351       0
                text8                              2A26     2A26      168      351       0
                text7                              39BE     39BE       3A      351       0
                text6                              210E     210E      318      351       0
                text5                              3A68     3A68       30      351       0
                text4                              1B72     1B72      59C      351       0
                text3                               6A2      6A2     14D0      351       0
                text2                              3098     3098       FC      351       0
                text1                              3AE0     3AE0       16      351       0
                text0                              2B8E     2B8E      164      351       0
                cstackCOMRAM                          1        1       3F        1       1
                cstackBANK0                          80       80       72       80       1
                cstackBANK1                         100      100       4C      100       1
                dataBANK1                           14C      14C       12      100       1
                bssBANK1                            15E      15E        3      100       1
                bssCOMRAM                            40       40       11        1       1
                cinit                              3944     3944       3E      351       0
                idataBANK1                         3B38     3B38       12      351       0

TOTAL           Name                               Link     Load   Length     Space
        CLASS   STACK          

        CLASS   CODE           
                end_init                            1E6      1E6        4         0
                text                               3B54     3B54        2         0
                intcodelo                            18       18      1CE         0
                intcode                               8        8        E         0
                reset_vec                             0        0        6         0
                intcode_body                       384A     384A       6E         0
                text35                             35CC     35CC       AC         0
                text34                             38B8     38B8       4C         0
                text33                             3B22     3B22       16         0
                text32                             327A     327A       DA         0
                text30                             3B4A     3B4A        A         0
                text29                             3B0C     3B0C       16         0
                text28                             39F8     39F8       3A         0
                text27                             3982     3982       3C         0
                text26                             3A98     3A98       30         0
                text25                             3AF6     3AF6       16         0
                text24                             3AC8     3AC8       18         0
                text23                             3720     3720       A8         0
                text22                             2F8A     2F8A      10E         0
                text21                             2E40     2E40      14A         0
                text20                             342C     342C       D8         0
                text19                             3A32     3A32       36         0
                text18                             2426     2426      284         0
                text17                             3904     3904       40         0
                text16                             2CF2     2CF2      14E         0
                text15                             3354     3354       D8         0
                text14                             3678     3678       A8         0
                text13                             37C8     37C8       82         0
                text12                             26AA     26AA      1E2         0
                text11                             288C     288C      19A         0
                text10                             3194     3194       E6         0
                text9                              3504     3504       C8         0
                text8                              2A26     2A26      168         0
                text7                              39BE     39BE       3A         0
                text6                              210E     210E      318         0
                text5                              3A68     3A68       30         0
                text4                              1B72     1B72      59C         0
                text3                               6A2      6A2     14D0         0
                text2                              3098     3098       FC         0
                text1                              3AE0     3AE0       16         0
                text0                              2B8E     2B8E      164         0
                cinit                              3944     3944       3E         0
                idataBANK1                         3B38     3B38       12         0

        CLASS   CONST          

        CLASS   SMALLCONST     
                smallconst                          600      600       A2         0

        CLASS   MEDIUMCONST    

        CLASS   COMRAM         
                cstackCOMRAM                          1        1       3F         1
                bssCOMRAM                            40       40       11         1

        CLASS   ABS1           

        CLASS   BIGRAM         

        CLASS   RAM            

        CLASS   BANK0          
                cstackBANK0                          80       80       72         1

        CLASS   BANK1          
                cstackBANK1                         100      100       4C         1
                dataBANK1                           14C      14C       12         1
                bssBANK1                            15E      15E        3         1

        CLASS   BANK2          

        CLASS   BANK3          

        CLASS   BANK4          

        CLASS   BANK5          

        CLASS   SFR            

        CLASS   FARRAM         

        CLASS   CONFIG         
                config                           300000   300000        E         0

        CLASS   IDLOC          
                idloc                            200000   200000        8         0

        CLASS   EEDATA         



SEGMENTS        Name                           Load    Length   Top    Selector   Space  Class

                reset_vec                      000000  000006  000006         0       0  CODE    
                cstackCOMRAM                   000001  000050  000051         1       1  COMRAM  
                intcode                        000008  00000E  000016         4       0  CODE    
                intcodelo                      000018  0001D2  0001EA         C       0  CODE    
                cstackBANK0                    000080  000072  0000F2        80       1  BANK0   
                cstackBANK1                    000100  000061  000161       100       1  BANK1   
                smallconst                     000600  0000A2  0006A2       300       0  SMALLCON
                text3                          0006A2  0034B4  003B56       351       0  CODE    
                idloc                          200000  000008  200008    200000       0  IDLOC   
                config                         300000  00000E  30000E    300000       0  CONFIG  


UNUSED ADDRESS RANGES

        Name                Unused          Largest block    Delta
        BANK0            0000F2-0000FF                E
        BANK1            000161-0001FF               9F
        BANK2            000200-0002FF              100
        BANK3            000300-0003FF              100
        BANK4            000400-0004FF              100
        BANK5            000500-0005FF              100
        BIGRAM           000051-00007F               2F
                         0000F2-0000FF                E
                         000161-0005FF              49F
        CODE             000006-000007                2
                         000016-000017                2
                         0001EA-0005FF              416
                         003B56-007FFF              4AA
        COMRAM           000051-00007F               2F
        CONST            000006-000007                2
                         000016-000017                2
                         0001EA-0005FF              416
                         003B56-007FFF             44AA
        EEDATA           F00000-F000FF              100
        MEDIUMCONST      003B56-007FFF             44AA
        RAM              0000F2-0000FF                E
                         000161-0005FF              100
        SFR              000F80-000FFF               80
        SMALLCONST       003B56-007FFF              100
        STACK            000161-0005FF              49F

                                  Symbol Table

?___awdiv                                                               cstackBANK0  000094
?___awmod                                                               cstackBANK0  00008E
?___awtoft                                                              cstackCOMRAM 000009
?___ftadd                                                               cstackBANK0  0000C2
?___ftdiv                                                               cstackBANK0  0000BF
?___ftmul                                                               cstackBANK0  0000A9
?___ftneg                                                               cstackBANK0  0000A6
?___ftpack                                                              cstackBANK0  00008E
?___ftsub                                                               cstackBANK0  0000CE
?___fttol                                                               cstackBANK0  00008E
?___lldiv                                                               cstackBANK0  00008E
?___llmod                                                               cstackBANK0  00008E
?___lltoft                                                              cstackBANK0  00009D
?___wmul                                                                cstackBANK0  00009C
?__div_to_l_                                                            cstackBANK0  00008E
?__tdiv_to_l_                                                           cstackBANK0  00008E
?_fround                                                                cstackBANK0  0000B8
?_scale                                                                 cstackBANK0  0000B8
?_sprintf                                                               cstackBANK0  0000D7
?i1___ftdiv                                                             cstackCOMRAM 00000D
?i1___ftpack                                                            cstackCOMRAM 000001
Delay100TCYx@unit                                                       cstackBANK0  00008E
Delay10TCYx@unit                                                        cstackBANK0  00008E
Delay1KTCYx@unit                                                        cstackBANK0  00008E
DisplayLCD@currentChar                                                  cstackBANK0  000093
DisplayLCD@init                                                         cstackBANK0  000091
DisplayLCD@tempPtr                                                      cstackBANK0  00008F
WaitHalfSec@Halfcount                                                   cstackBANK0  00008F
WriteLCD@LCDstart                                                       cstackBANK0  0000E8
WriteLCD@Msg                                                            cstackBANK0  0000EF
WriteLCD@len                                                            cstackBANK0  0000EA
WriteLCD@msgptr                                                         cstackBANK1  00012C
WriteLCD@var                                                            cstackBANK0  0000EC
WriteLCD@width                                                          cstackBANK1  00012E
WriteTimer0@timer                                                       cstackBANK0  000090
WriteTimer0@timer0                                                      cstackBANK0  00008E
_ADCON1                                                                 (abs)        000FC1
_CCP1CONbits                                                            (abs)        000FBD
_CCPR1L                                                                 (abs)        000FBE
_CCWTurn                                                                bssCOMRAM    000043
_CHA                                                                    bssCOMRAM    000045
_CHAcount                                                               bssCOMRAM    000047
_CHB                                                                    bssCOMRAM    000049
_CWTurn                                                                 bssCOMRAM    00004B
_CloseTimer0                                                            text30       003B4A
_CountPerRev                                                            smallconst   000697
_Delay100TCYx                                                           text25       003AF6
_Delay10TCYx                                                            text24       003AC8
_Delay1KTCYx                                                            text29       003B0C
_DisplayLCD                                                             text23       003720
_EncoderPoll                                                            smallconst   000699
_INTCON2bits                                                            (abs)        000FF1
_INTCONbits                                                             (abs)        000FF2
_InitApp                                                                text27       003982
_InitInterrupts                                                         text26       003A98
_LATB4                                                                  (abs)        007C54
_OLD_ROT                                                                bssCOMRAM    00004D
_PORTA                                                                  (abs)        000F80
_PORTAbits                                                              (abs)        000F80
_PORTBbits                                                              (abs)        000F81
_PORTD                                                                  (abs)        000F83
_PORTEbits                                                              (abs)        000F84
_PR2                                                                    (abs)        000FCB
_PartialRot                                                             bssCOMRAM    000040
_QEM                                                                    smallconst   000677
_RCONbits                                                               (abs)        000FD0
_RPS                                                                    bssBANK1     00015E
_T0CONbits                                                              (abs)        000FD5
_T2CONbits                                                              (abs)        000FCA
_TMR0H                                                                  (abs)        000FD7
_TMR0L                                                                  (abs)        000FD6
_TMR0count                                                              bssCOMRAM    00004F
_TRISA                                                                  (abs)        000F92
_TRISBbits                                                              (abs)        000F93
_TRISCbits                                                              (abs)        000F94
_TRISD                                                                  (abs)        000F95
_TRISE                                                                  (abs)        000F96
_TimerStopped                                                           intcodelo    000150
_WaitHalfSec                                                            text28       0039F8
_WriteLCD                                                               text2        003098
_WriteTimer0                                                            text1        003AE0
__CFG_BOR$ON                                                            (abs)        000000
__CFG_BORV$45                                                           (abs)        000000
__CFG_CCP2MUX$ON                                                        (abs)        000000
__CFG_CP0$OFF                                                           (abs)        000000
__CFG_CP1$OFF                                                           (abs)        000000
__CFG_CP2$OFF                                                           (abs)        000000
__CFG_CP3$OFF                                                           (abs)        000000
__CFG_CPB$OFF                                                           (abs)        000000
__CFG_CPD$OFF                                                           (abs)        000000
__CFG_EBTR0$OFF                                                         (abs)        000000
__CFG_EBTR1$OFF                                                         (abs)        000000
__CFG_EBTR2$OFF                                                         (abs)        000000
__CFG_EBTR3$OFF                                                         (abs)        000000
__CFG_EBTRB$OFF                                                         (abs)        000000
__CFG_LVP$OFF                                                           (abs)        000000
__CFG_OSC$HS                                                            (abs)        000000
__CFG_OSCS$ON                                                           (abs)        000000
__CFG_PWRT$ON                                                           (abs)        000000
__CFG_STVR$ON                                                           (abs)        000000
__CFG_WDT$OFF                                                           (abs)        000000
__CFG_WDTPS$128                                                         (abs)        000000
__CFG_WRT0$OFF                                                          (abs)        000000
__CFG_WRT1$OFF                                                          (abs)        000000
__CFG_WRT2$OFF                                                          (abs)        000000
__CFG_WRT3$OFF                                                          (abs)        000000
__CFG_WRTB$OFF                                                          (abs)        000000
__CFG_WRTC$OFF                                                          (abs)        000000
__CFG_WRTD$OFF                                                          (abs)        000000
__HRAM                                                                  (abs)        000000
__Habs1                                                                 abs1         000000
__Hbank0                                                                bank0        000000
__Hbank1                                                                bank1        000000
__Hbank2                                                                bank2        000000
__Hbank3                                                                bank3        000000
__Hbank4                                                                bank4        000000
__Hbank5                                                                bank5        000000
__Hbigbss                                                               bigbss       000000
__Hbigdata                                                              bigdata      000000
__Hbigram                                                               bigram       000000
__Hbss                                                                  bss          000000
__HbssBANK1                                                             bssBANK1     000000
__HbssCOMRAM                                                            bssCOMRAM    000000
__Hcinit                                                                cinit        000000
__Hclrtext                                                              clrtext      000000
__Hcomram                                                               comram       000000
__Hconfig                                                               config       30000E
__Hconst                                                                const        000000
__HcstackBANK0                                                          cstackBANK0  000000
__HcstackBANK1                                                          cstackBANK1  000000
__HcstackCOMRAM                                                         cstackCOMRAM 000000
__Hdata                                                                 data         000000
__HdataBANK1                                                            dataBANK1    000000
__Heeprom_data                                                          eeprom_data  000000
__Hend_init                                                             end_init     0001EA
__Hfarbss                                                               farbss       000000
__Hfardata                                                              fardata      000000
__Hibigdata                                                             ibigdata     000000
__Hidata                                                                idata        000000
__HidataBANK1                                                           idataBANK1   000000
__Hidloc                                                                idloc        200008
__Hifardata                                                             ifardata     000000
__Hinit                                                                 init         0001E6
__Hintcode                                                              intcode      000016
__Hintcode_body                                                         intcode_body 000000
__Hintcodelo                                                            intcodelo    0001E6
__Hintentry                                                             intentry     000000
__Hintret                                                               intret       000000
__Hintsave_regs                                                         intsave_regs 000000
__Hirdata                                                               irdata       000000
__Hmediumconst                                                          mediumconst  000000
__HnvFARRAM                                                             nvFARRAM     000000
__Hnvbit                                                                nvbit        000000
__Hnvrram                                                               nvrram       000000
__Hparam                                                                param0       000000
__Hparam0                                                               param0       000000
__Hpowerup                                                              powerup      0001E6
__Hram                                                                  ram          000000
__Hramtop                                                               ramtop       000600
__Hrbit                                                                 rbit         000000
__Hrbss                                                                 rbss         000000
__Hrdata                                                                rdata        000000
__Hreset_vec                                                            reset_vec    000006
__Hsfr                                                                  sfr          000000
__Hsmallconst                                                           smallconst   0006A2
__Hspace_0                                                              (abs)        30000E
__Hspace_1                                                              (abs)        000161
__Hspace_2                                                              (abs)        000000
__Hstack                                                                stack        000000
__Hstruct                                                               struct       000000
__Htemp                                                                 temp         000000
__Htext                                                                 text         000000
__Htext0                                                                text0        000000
__Htext1                                                                text1        000000
__Htext10                                                               text10       000000
__Htext11                                                               text11       000000
__Htext12                                                               text12       000000
__Htext13                                                               text13       000000
__Htext14                                                               text14       000000
__Htext15                                                               text15       000000
__Htext16                                                               text16       000000
__Htext17                                                               text17       000000
__Htext18                                                               text18       000000
__Htext19                                                               text19       000000
__Htext2                                                                text2        000000
__Htext20                                                               text20       000000
__Htext21                                                               text21       000000
__Htext22                                                               text22       000000
__Htext23                                                               text23       000000
__Htext24                                                               text24       000000
__Htext25                                                               text25       000000
__Htext26                                                               text26       000000
__Htext27                                                               text27       000000
__Htext28                                                               text28       000000
__Htext29                                                               text29       000000
__Htext3                                                                text3        000000
__Htext30                                                               text30       000000
__Htext32                                                               text32       000000
__Htext33                                                               text33       000000
__Htext34                                                               text34       000000
__Htext35                                                               text35       000000
__Htext4                                                                text4        000000
__Htext5                                                                text5        000000
__Htext6                                                                text6        000000
__Htext7                                                                text7        000000
__Htext8                                                                text8        000000
__Htext9                                                                text9        000000
__LRAM                                                                  (abs)        000001
__Labs1                                                                 abs1         000000
__Lbank0                                                                bank0        000000
__Lbank1                                                                bank1        000000
__Lbank2                                                                bank2        000000
__Lbank3                                                                bank3        000000
__Lbank4                                                                bank4        000000
__Lbank5                                                                bank5        000000
__Lbigbss                                                               bigbss       000000
__Lbigdata                                                              bigdata      000000
__Lbigram                                                               bigram       000000
__Lbss                                                                  bss          000000
__LbssBANK1                                                             bssBANK1     000000
__LbssCOMRAM                                                            bssCOMRAM    000000
__Lcinit                                                                cinit        000000
__Lclrtext                                                              clrtext      000000
__Lcomram                                                               comram       000000
__Lconfig                                                               config       300000
__Lconst                                                                const        000000
__LcstackBANK0                                                          cstackBANK0  000000
__LcstackBANK1                                                          cstackBANK1  000000
__LcstackCOMRAM                                                         cstackCOMRAM 000000
__Ldata                                                                 data         000000
__LdataBANK1                                                            dataBANK1    000000
__Leeprom_data                                                          eeprom_data  000000
__Lend_init                                                             end_init     0001E6
__Lfarbss                                                               farbss       000000
__Lfardata                                                              fardata      000000
__Libigdata                                                             ibigdata     000000
__Lidata                                                                idata        000000
__LidataBANK1                                                           idataBANK1   000000
__Lidloc                                                                idloc        200000
__Lifardata                                                             ifardata     000000
__Linit                                                                 init         0001E6
__Lintcode                                                              intcode      000008
__Lintcode_body                                                         intcode_body 000000
__Lintcodelo                                                            intcodelo    000018
__Lintentry                                                             intentry     000000
__Lintret                                                               intret       000000
__Lintsave_regs                                                         intsave_regs 000000
__Lirdata                                                               irdata       000000
__Lmediumconst                                                          mediumconst  000000
__LnvFARRAM                                                             nvFARRAM     000000
__Lnvbit                                                                nvbit        000000
__Lnvrram                                                               nvrram       000000
__Lparam                                                                param0       000000
__Lparam0                                                               param0       000000
__Lpowerup                                                              powerup      0001E6
__Lram                                                                  ram          000000
__Lramtop                                                               ramtop       000600
__Lrbit                                                                 rbit         000000
__Lrbss                                                                 rbss         000000
__Lrdata                                                                rdata        000000
__Lreset_vec                                                            reset_vec    000000
__Lsfr                                                                  sfr          000000
__Lsmallconst                                                           smallconst   000600
__Lspace_0                                                              (abs)        000000
__Lspace_1                                                              (abs)        000000
__Lspace_2                                                              (abs)        000000
__Lstack                                                                stack        000000
__Lstruct                                                               struct       000000
__Ltemp                                                                 temp         000000
__Ltext                                                                 text         000000
__Ltext0                                                                text0        000000
__Ltext1                                                                text1        000000
__Ltext10                                                               text10       000000
__Ltext11                                                               text11       000000
__Ltext12                                                               text12       000000
__Ltext13                                                               text13       000000
__Ltext14                                                               text14       000000
__Ltext15                                                               text15       000000
__Ltext16                                                               text16       000000
__Ltext17                                                               text17       000000
__Ltext18                                                               text18       000000
__Ltext19                                                               text19       000000
__Ltext2                                                                text2        000000
__Ltext20                                                               text20       000000
__Ltext21                                                               text21       000000
__Ltext22                                                               text22       000000
__Ltext23                                                               text23       000000
__Ltext24                                                               text24       000000
__Ltext25                                                               text25       000000
__Ltext26                                                               text26       000000
__Ltext27                                                               text27       000000
__Ltext28                                                               text28       000000
__Ltext29                                                               text29       000000
__Ltext3                                                                text3        000000
__Ltext30                                                               text30       000000
__Ltext32                                                               text32       000000
__Ltext33                                                               text33       000000
__Ltext34                                                               text34       000000
__Ltext35                                                               text35       000000
__Ltext4                                                                text4        000000
__Ltext5                                                                text5        000000
__Ltext6                                                                text6        000000
__Ltext7                                                                text7        000000
__Ltext8                                                                text8        000000
__Ltext9                                                                text9        000000
__S0                                                                    (abs)        30000E
__S1                                                                    (abs)        000161
__S2                                                                    (abs)        000000
___awdiv                                                                text10       003194
___awdiv@counter                                                        cstackBANK0  000098
___awdiv@dividend                                                       cstackBANK0  000094
___awdiv@divisor                                                        cstackBANK0  000096
___awdiv@quotient                                                       cstackBANK0  00009A
___awdiv@sign                                                           cstackBANK0  000099
___awmod                                                                text9        003504
___awmod@counter                                                        cstackBANK0  000092
___awmod@dividend                                                       cstackBANK0  00008E
___awmod@divisor                                                        cstackBANK0  000090
___awmod@sign                                                           cstackBANK0  000093
___awtoft                                                               text34       0038B8
___awtoft@c                                                             cstackCOMRAM 000009
___awtoft@sign                                                          cstackCOMRAM 00000C
___ftadd                                                                text18       002426
___ftadd@exp1                                                           cstackBANK0  0000CD
___ftadd@exp2                                                           cstackBANK0  0000CC
___ftadd@f1                                                             cstackBANK0  0000C2
___ftadd@f2                                                             cstackBANK0  0000C5
___ftadd@sign                                                           cstackBANK0  0000CB
___ftdiv                                                                text21       002E40
___ftdiv@cntr                                                           cstackBANK0  0000C8
___ftdiv@exp                                                            cstackBANK0  0000CC
___ftdiv@f1                                                             cstackBANK0  0000BF
___ftdiv@f2                                                             cstackBANK0  0000C2
___ftdiv@f3                                                             cstackBANK0  0000C9
___ftdiv@sign                                                           cstackBANK0  0000CD
___ftge                                                                 text20       00342C
___ftge@ff1                                                             cstackBANK0  0000CE
___ftge@ff2                                                             cstackBANK0  0000D1
___ftmul                                                                text8        002A26
___ftmul@cntr                                                           cstackBANK0  0000B6
___ftmul@exp                                                            cstackBANK0  0000B2
___ftmul@f1                                                             cstackBANK0  0000A9
___ftmul@f2                                                             cstackBANK0  0000AC
___ftmul@f3_as_product                                                  cstackBANK0  0000B3
___ftmul@sign                                                           cstackBANK0  0000B7
___ftneg                                                                text19       003A32
___ftneg@f1                                                             cstackBANK0  0000A6
___ftpack                                                               text22       002F8A
___ftpack@arg                                                           cstackBANK0  00008E
___ftpack@exp                                                           cstackBANK0  000091
___ftpack@sign                                                          cstackBANK0  000092
___ftsub                                                                text17       003904
___ftsub@f1                                                             cstackBANK0  0000CE
___ftsub@f2                                                             cstackBANK0  0000D1
___fttol                                                                text16       002CF2
___fttol@exp1                                                           cstackBANK0  00009C
___fttol@f1                                                             cstackBANK0  00008E
___fttol@lval                                                           cstackBANK0  000098
___fttol@sign1                                                          cstackBANK0  000097
___inthi_sp                                                             stack        000000
___intlo_sp                                                             stack        000000
___lldiv                                                                text15       003354
___lldiv@counter                                                        cstackBANK0  00009A
___lldiv@dividend                                                       cstackBANK0  00008E
___lldiv@divisor                                                        cstackBANK0  000092
___lldiv@quotient                                                       cstackBANK0  000096
___llmod                                                                text14       003678
___llmod@counter                                                        cstackBANK0  000096
___llmod@dividend                                                       cstackBANK0  00008E
___llmod@divisor                                                        cstackBANK0  000092
___lltoft                                                               text13       0037C8
___lltoft@c                                                             cstackBANK0  00009D
___lltoft@exp                                                           cstackBANK0  0000A5
___sp                                                                   stack        000000
___wmul                                                                 text7        0039BE
___wmul@multiplicand                                                    cstackBANK0  00009E
___wmul@multiplier                                                      cstackBANK0  00009C
___wmul@product                                                         cstackBANK0  0000A0
__accesstop                                                             (abs)        000080
__activetblptr                                                          (abs)        000002
__cntErrataNOP_/tmp/cgtR5FC5C.obj                                       (abs)        000001
__cntErrataNOP_dist/default/production/PracticeProject.X.production.obj (abs)        0000BB
__div_to_l_                                                             text12       0026AA
__div_to_l_@cntr                                                        cstackBANK0  00009C
__div_to_l_@exp1                                                        cstackBANK0  00009D
__div_to_l_@f1                                                          cstackBANK0  00008E
__div_to_l_@f2                                                          cstackBANK0  000091
__div_to_l_@quot                                                        cstackBANK0  000098
__end_of_CloseTimer0                                                    text30       003B54
__end_of_CountPerRev                                                    smallconst   000699
__end_of_Delay100TCYx                                                   text25       003B0C
__end_of_Delay10TCYx                                                    text24       003AE0
__end_of_Delay1KTCYx                                                    text29       003B22
__end_of_DisplayLCD                                                     text23       0037C8
__end_of_EncoderPoll                                                    smallconst   00069B
__end_of_InitApp                                                        text27       0039BE
__end_of_InitInterrupts                                                 text26       003AC8
__end_of_QEM                                                            smallconst   000697
__end_of_TimerStopped                                                   intcodelo    0001E6
__end_of_WaitHalfSec                                                    text28       003A32
__end_of_WriteLCD                                                       text2        003194
__end_of_WriteTimer0                                                    text1        003AF6
__end_of___awdiv                                                        text10       00327A
__end_of___awmod                                                        text9        0035CC
__end_of___awtoft                                                       text34       003904
__end_of___ftadd                                                        text18       0026AA
__end_of___ftdiv                                                        text21       002F8A
__end_of___ftge                                                         text20       003504
__end_of___ftmul                                                        text8        002B8E
__end_of___ftneg                                                        text19       003A68
__end_of___ftpack                                                       text22       003098
__end_of___ftsub                                                        text17       003944
__end_of___fttol                                                        text16       002E40
__end_of___lldiv                                                        text15       00342C
__end_of___llmod                                                        text14       003720
__end_of___lltoft                                                       text13       00384A
__end_of___wmul                                                         text7        0039F8
__end_of__div_to_l_                                                     text12       00288C
__end_of__initialization                                                cinit        003978
__end_of__npowers_                                                      smallconst   000650
__end_of__powers_                                                       smallconst   000677
__end_of__stringdata                                                    smallconst   0006A1
__end_of__tdiv_to_l_                                                    text11       002A26
__end_of_dpowers                                                        smallconst   000629
__end_of_fround                                                         text6        002426
__end_of_high_isr                                                       intcode_body 0038B8
__end_of_isdigit                                                        text5        003A98
__end_of_low_isr                                                        intcodelo    000150
__end_of_main                                                           text0        002CF2
__end_of_scale                                                          text4        00210E
__end_of_sprintf                                                        text3        001B72
__end_ofi1_WriteTimer0                                                  text33       003B38
__end_ofi1___ftdiv                                                      text32       003354
__end_ofi1___ftpack                                                     text35       003678
__initialization                                                        cinit        003944
__mediumconst                                                           mediumconst  000000
__npowers_                                                              smallconst   000629
__pbssBANK1                                                             bssBANK1     00015E
__pbssCOMRAM                                                            bssCOMRAM    000040
__pcinit                                                                cinit        003944
__pcstackBANK0                                                          cstackBANK0  000080
__pcstackBANK1                                                          cstackBANK1  000100
__pcstackCOMRAM                                                         cstackCOMRAM 000001
__pdataBANK1                                                            dataBANK1    00014C
__pidataBANK1                                                           idataBANK1   003B38
__pintcode                                                              intcode      000008
__pintcode_body                                                         intcode_body 00384A
__pintcodelo                                                            intcodelo    000018
__powers_                                                               smallconst   000650
__psmallconst                                                           smallconst   000600
__ptext0                                                                text0        002B8E
__ptext1                                                                text1        003AE0
__ptext10                                                               text10       003194
__ptext11                                                               text11       00288C
__ptext12                                                               text12       0026AA
__ptext13                                                               text13       0037C8
__ptext14                                                               text14       003678
__ptext15                                                               text15       003354
__ptext16                                                               text16       002CF2
__ptext17                                                               text17       003904
__ptext18                                                               text18       002426
__ptext19                                                               text19       003A32
__ptext2                                                                text2        003098
__ptext20                                                               text20       00342C
__ptext21                                                               text21       002E40
__ptext22                                                               text22       002F8A
__ptext23                                                               text23       003720
__ptext24                                                               text24       003AC8
__ptext25                                                               text25       003AF6
__ptext26                                                               text26       003A98
__ptext27                                                               text27       003982
__ptext28                                                               text28       0039F8
__ptext29                                                               text29       003B0C
__ptext3                                                                text3        0006A2
__ptext30                                                               text30       003B4A
__ptext32                                                               text32       00327A
__ptext33                                                               text33       003B22
__ptext34                                                               text34       0038B8
__ptext35                                                               text35       0035CC
__ptext4                                                                text4        001B72
__ptext5                                                                text5        003A68
__ptext6                                                                text6        00210E
__ptext7                                                                text7        0039BE
__ptext8                                                                text8        002A26
__ptext9                                                                text9        003504
__ramtop                                                                ramtop       000600
__size_of_CloseTimer0                                                   (abs)        000000
__size_of_Delay100TCYx                                                  (abs)        000000
__size_of_Delay10TCYx                                                   (abs)        000000
__size_of_Delay1KTCYx                                                   (abs)        000000
__size_of_DisplayLCD                                                    (abs)        000000
__size_of_InitApp                                                       (abs)        000000
__size_of_InitInterrupts                                                (abs)        000000
__size_of_TimerStopped                                                  (abs)        000000
__size_of_WaitHalfSec                                                   (abs)        000000
__size_of_WriteLCD                                                      (abs)        000000
__size_of_WriteTimer0                                                   (abs)        000000
__size_of___awdiv                                                       (abs)        000000
__size_of___awmod                                                       (abs)        000000
__size_of___awtoft                                                      (abs)        000000
__size_of___ftadd                                                       (abs)        000000
__size_of___ftdiv                                                       (abs)        000000
__size_of___ftge                                                        (abs)        000000
__size_of___ftmul                                                       (abs)        000000
__size_of___ftneg                                                       (abs)        000000
__size_of___ftpack                                                      (abs)        000000
__size_of___ftsub                                                       (abs)        000000
__size_of___fttol                                                       (abs)        000000
__size_of___lldiv                                                       (abs)        000000
__size_of___llmod                                                       (abs)        000000
__size_of___lltoft                                                      (abs)        000000
__size_of___wmul                                                        (abs)        000000
__size_of__div_to_l_                                                    (abs)        000000
__size_of__tdiv_to_l_                                                   (abs)        000000
__size_of_fround                                                        (abs)        000000
__size_of_high_isr                                                      (abs)        000000
__size_of_isdigit                                                       (abs)        000000
__size_of_low_isr                                                       (abs)        000000
__size_of_main                                                          (abs)        000000
__size_of_scale                                                         (abs)        000000
__size_of_sprintf                                                       (abs)        000000
__size_ofi1_WriteTimer0                                                 (abs)        000000
__size_ofi1___ftdiv                                                     (abs)        000000
__size_ofi1___ftpack                                                    (abs)        000000
__smallconst                                                            smallconst   000600
__stringdata                                                            smallconst   00069B
__tdiv_to_l_                                                            text11       00288C
__tdiv_to_l_@cntr                                                       cstackBANK0  00009B
__tdiv_to_l_@exp1                                                       cstackBANK0  00009C
__tdiv_to_l_@f1                                                         cstackBANK0  00008E
__tdiv_to_l_@f2                                                         cstackBANK0  000091
__tdiv_to_l_@quot                                                       cstackBANK0  000097
_dpowers                                                                smallconst   000601
_fround                                                                 text6        00210E
_fround$1739                                                            cstackBANK0  0000BE
_fround$1740                                                            cstackBANK0  0000BB
_high_isr                                                               intcode      000008
_isdigit                                                                text5        003A68
_isdigit$1503                                                           cstackBANK0  00008F
_low_isr                                                                intcodelo    000018
_main                                                                   text0        002B8E
_scale                                                                  text4        001B72
_scale$1741                                                             cstackBANK0  0000BB
_sprintf                                                                text3        0006A2
_sprintf$1131                                                           cstackBANK1  000103
_sprintf$1742                                                           cstackBANK1  000100
end_of_initialization                                                   cinit        003978
fround@prec                                                             cstackBANK0  0000C1
i1WriteTimer0@timer                                                     cstackCOMRAM 000003
i1WriteTimer0@timer0                                                    cstackCOMRAM 000001
i1_WriteTimer0                                                          text33       003B22
i1___ftdiv                                                              text32       00327A
i1___ftdiv@cntr                                                         cstackCOMRAM 000016
i1___ftdiv@exp                                                          cstackCOMRAM 00001A
i1___ftdiv@f1                                                           cstackCOMRAM 00000D
i1___ftdiv@f2                                                           cstackCOMRAM 000010
i1___ftdiv@f3                                                           cstackCOMRAM 000017
i1___ftdiv@sign                                                         cstackCOMRAM 00001B
i1___ftpack                                                             text35       0035CC
i1___ftpack@arg                                                         cstackCOMRAM 000001
i1___ftpack@exp                                                         cstackCOMRAM 000004
i1___ftpack@sign                                                        cstackCOMRAM 000005
int_func                                                                intcode_body 00384A
intlevel0                                                               text         003B54
intlevel1                                                               text         003B54
intlevel2                                                               text         003B54
intlevel3                                                               text         003B54
isdigit@c                                                               cstackBANK0  000090
main@F3983                                                              dataBANK1    00014C
main@F3985                                                              dataBANK1    000153
main@F3987                                                              dataBANK1    000159
main@LCDinit                                                            cstackBANK1  000130
main@Msg1                                                               cstackBANK1  000137
main@Msg2                                                               cstackBANK1  00013D
main@Msg3                                                               cstackBANK1  000142
scale@scl                                                               cstackBANK0  0000BE
sprintf@_val                                                            cstackBANK1  00011D
sprintf@ap                                                              cstackBANK1  000112
sprintf@c                                                               cstackBANK1  000129
sprintf@ccnt                                                            cstackBANK1  000117
sprintf@exp                                                             cstackBANK1  000122
sprintf@f                                                               cstackBANK0  0000D9
sprintf@flag                                                            cstackBANK1  00011B
sprintf@fval                                                            cstackBANK1  000124
sprintf@integ                                                           cstackBANK1  000114
sprintf@prec                                                            cstackBANK1  000127
sprintf@sp                                                              cstackBANK0  0000D7
sprintf@temp                                                            cstackBANK1  00010F
sprintf@vd                                                              cstackBANK1  000107
sprintf@vd_1133                                                         cstackBANK1  00010B
sprintf@width                                                           cstackBANK1  000119
stackhi                                                                 (abs)        0005FF
stacklo                                                                 (abs)        000161
start                                                                   init         0001E6
start_initialization                                                    cinit        003944


FUNCTION INFORMATION:

 *************** function _main *****************
 Defined at:
		line 52 in file "main.c"
 Parameters:    Size  Location     Type
		None
 Auto vars:     Size  Location     Type
  Msg3           10   66[BANK1 ] unsigned char [10]
  LCDinit         7   48[BANK1 ] unsigned char [7]
  Msg1            6   55[BANK1 ] unsigned char [6]
  Msg2            5   61[BANK1 ] unsigned char [5]
 Return value:  Size  Location     Type
                  2   50[COMRAM] int 
 Registers used:
		wreg, fsr1l, fsr1h, fsr2l, fsr2h, status,2, status,0, tblptrl, tblptrh, tblptru, prodl, prodh, cstack
 Tracked objects:
		On entry : 
		On exit  : 
		Unchanged: 
 Data sizes:     COMRAM   BANK0   BANK1   BANK2   BANK3   BANK4   BANK5
      Params:         0       0       0       0       0       0       0
      Locals:         0       0      28       0       0       0       0
      Temps:          0       1       0       0       0       0       0
      Totals:         0       1      28       0       0       0       0
Total ram usage:       29 bytes
 Hardware stack levels required when called:    9
 This function calls:
		_CloseTimer0
		_DisplayLCD
		_InitApp
		_InitInterrupts
		_WaitHalfSec
		_WriteLCD
		_WriteTimer0
 This function is called by:
		Startup code after reset
 This function uses a non-reentrant model


 *************** function _WriteTimer0 *****************
 Defined at:
		line 16 in file "/Applications/microchip/xc8/v1.33/sources/pic18/plib/Timers/t0write.c"
 Parameters:    Size  Location     Type
  timer0          2   14[BANK0 ] unsigned int 
 Auto vars:     Size  Location     Type
  timer           2   16[BANK0 ] struct Timers
 Return value:  Size  Location     Type
		None               void
 Registers used:
		None
 Tracked objects:
		On entry : 
		On exit  : 
		Unchanged: 
 Data sizes:     COMRAM   BANK0   BANK1   BANK2   BANK3   BANK4   BANK5
      Params:         0       2       0       0       0       0       0
      Locals:         0       2       0       0       0       0       0
      Temps:          0       0       0       0       0       0       0
      Totals:         0       4       0       0       0       0       0
Total ram usage:        4 bytes
 Hardware stack levels used:    1
 Hardware stack levels required when called:    4
 This function calls:
		Nothing
 This function is called by:
		_main
 This function uses a non-reentrant model


 *************** function _WriteLCD *****************
 Defined at:
		line 269 in file "user.c"
 Parameters:    Size  Location     Type
  LCDstart        2  104[BANK0 ] int 
  len             2  106[BANK0 ] int 
  var             3  108[BANK0 ] int 
  Msg             2  111[BANK0 ] PTR unsigned char 
		 -> main@Msg3(10), 
 Auto vars:     Size  Location     Type
  width           2   46[BANK1 ] int 
  msgptr          2   44[BANK1 ] PTR unsigned char 
		 -> main@Msg3(10), 
 Return value:  Size  Location     Type
		None               void
 Registers used:
		wreg, fsr2l, fsr2h, status,2, status,0, tblptrl, tblptrh, tblptru, prodl, prodh, cstack
 Tracked objects:
		On entry : 
		On exit  : 
		Unchanged: 
 Data sizes:     COMRAM   BANK0   BANK1   BANK2   BANK3   BANK4   BANK5
      Params:         0       9       0       0       0       0       0
      Locals:         0       0       4       0       0       0       0
      Temps:          0       0       2       0       0       0       0
      Totals:         0       9       6       0       0       0       0
Total ram usage:       15 bytes
 Hardware stack levels used:    1
 Hardware stack levels required when called:    8
 This function calls:
		_DisplayLCD
		_sprintf
 This function is called by:
		_main
 This function uses a non-reentrant model


 *************** function _sprintf *****************
 Defined at:
		line 492 in file "/Applications/microchip/xc8/v1.33/sources/common/doprnt.c"
 Parameters:    Size  Location     Type
  sp              2   87[BANK0 ] PTR unsigned char 
		 -> main@Msg3(10), 
  f               2   89[BANK0 ] PTR const unsigned char 
		 -> STR_1(6), 
 Auto vars:     Size  Location     Type
  vd              4    7[BANK1 ] unsigned long 
  temp            3   15[BANK1 ] unsigned long 
  vd              4   11[BANK1 ] unsigned long 
  _val            5   29[BANK1 ] struct .
  fval            3   36[BANK1 ] struct .
  integ           3   20[BANK1 ] struct .
  ival            3    0        struct .
  prec            2   39[BANK1 ] int 
  exp             2   34[BANK1 ] int 
  flag            2   27[BANK1 ] unsigned short 
  width           2   25[BANK1 ] int 
  ccnt            2   23[BANK1 ] int 
  ap              2   18[BANK1 ] PTR void [1]
		 -> ?_sprintf(2), 
  c               1   41[BANK1 ] char 
  d               1    0        unsigned char 
 Return value:  Size  Location     Type
                  2   87[BANK0 ] int 
 Registers used:
		wreg, fsr2l, fsr2h, status,2, status,0, tblptrl, tblptrh, tblptru, prodl, prodh, cstack
 Tracked objects:
		On entry : 
		On exit  : 
		Unchanged: 
 Data sizes:     COMRAM   BANK0   BANK1   BANK2   BANK3   BANK4   BANK5
      Params:         0      11       0       0       0       0       0
      Locals:         0       0      42       0       0       0       0
      Temps:          0       6       0       0       0       0       0
      Totals:         0      17      42       0       0       0       0
Total ram usage:       59 bytes
 Hardware stack levels used:    1
 Hardware stack levels required when called:    7
 This function calls:
		___awdiv
		___awmod
		___ftadd
		___ftdiv
		___ftge
		___ftmul
		___ftneg
		___ftsub
		___fttol
		___lldiv
		___llmod
		___lltoft
		___wmul
		__div_to_l_
		__tdiv_to_l_
		_fround
		_isdigit
		_scale
 This function is called by:
		_WriteLCD
 This function uses a non-reentrant model


 *************** function _scale *****************
 Defined at:
		line 425 in file "/Applications/microchip/xc8/v1.33/sources/common/doprnt.c"
 Parameters:    Size  Location     Type
  scl             1    wreg     char 
 Auto vars:     Size  Location     Type
  scl             1   62[BANK0 ] char 
 Return value:  Size  Location     Type
                  3   56[BANK0 ] char 
 Registers used:
		wreg, status,2, status,0, tblptrl, tblptrh, tblptru, prodl, prodh, cstack
 Tracked objects:
		On entry : 
		On exit  : 
		Unchanged: 
 Data sizes:     COMRAM   BANK0   BANK1   BANK2   BANK3   BANK4   BANK5
      Params:         0       3       0       0       0       0       0
      Locals:         0       4       0       0       0       0       0
      Temps:          0       0       0       0       0       0       0
      Totals:         0       7       0       0       0       0       0
Total ram usage:        7 bytes
 Hardware stack levels used:    1
 Hardware stack levels required when called:    6
 This function calls:
		___awdiv
		___awmod
		___ftmul
		___wmul
 This function is called by:
		_sprintf
 This function uses a non-reentrant model


 *************** function _isdigit *****************
 Defined at:
		line 8 in file "/Applications/microchip/xc8/v1.33/sources/common/isdigit.c"
 Parameters:    Size  Location     Type
  c               1    wreg     unsigned char 
 Auto vars:     Size  Location     Type
  c               1   16[BANK0 ] unsigned char 
 Return value:  Size  Location     Type
		None               void
 Registers used:
		wreg, status,2, status,0
 Tracked objects:
		On entry : 
		On exit  : 
		Unchanged: 
 Data sizes:     COMRAM   BANK0   BANK1   BANK2   BANK3   BANK4   BANK5
      Params:         0       0       0       0       0       0       0
      Locals:         0       2       0       0       0       0       0
      Temps:          0       1       0       0       0       0       0
      Totals:         0       3       0       0       0       0       0
Total ram usage:        3 bytes
 Hardware stack levels used:    1
 Hardware stack levels required when called:    4
 This function calls:
		Nothing
 This function is called by:
		_sprintf
 This function uses a non-reentrant model


 *************** function _fround *****************
 Defined at:
		line 409 in file "/Applications/microchip/xc8/v1.33/sources/common/doprnt.c"
 Parameters:    Size  Location     Type
  prec            1    wreg     unsigned char 
 Auto vars:     Size  Location     Type
  prec            1   65[BANK0 ] unsigned char 
 Return value:  Size  Location     Type
                  3   56[BANK0 ] unsigned char 
 Registers used:
		wreg, status,2, status,0, tblptrl, tblptrh, tblptru, prodl, prodh, cstack
 Tracked objects:
		On entry : 
		On exit  : 
		Unchanged: 
 Data sizes:     COMRAM   BANK0   BANK1   BANK2   BANK3   BANK4   BANK5
      Params:         0       3       0       0       0       0       0
      Locals:         0       7       0       0       0       0       0
      Temps:          0       0       0       0       0       0       0
      Totals:         0      10       0       0       0       0       0
Total ram usage:       10 bytes
 Hardware stack levels used:    1
 Hardware stack levels required when called:    6
 This function calls:
		___awdiv
		___awmod
		___ftmul
		___wmul
 This function is called by:
		_sprintf
 This function uses a non-reentrant model


 *************** function ___wmul *****************
 Defined at:
		line 15 in file "/Applications/microchip/xc8/v1.33/sources/common/Umul16.c"
 Parameters:    Size  Location     Type
  multiplier      2   28[BANK0 ] unsigned int 
  multiplicand    2   30[BANK0 ] unsigned int 
 Auto vars:     Size  Location     Type
  product         2   32[BANK0 ] unsigned int 
 Return value:  Size  Location     Type
                  2   28[BANK0 ] unsigned int 
 Registers used:
		wreg, status,2, status,0, prodl, prodh
 Tracked objects:
		On entry : 
		On exit  : 
		Unchanged: 
 Data sizes:     COMRAM   BANK0   BANK1   BANK2   BANK3   BANK4   BANK5
      Params:         0       4       0       0       0       0       0
      Locals:         0       2       0       0       0       0       0
      Temps:          0       0       0       0       0       0       0
      Totals:         0       6       0       0       0       0       0
Total ram usage:        6 bytes
 Hardware stack levels used:    1
 Hardware stack levels required when called:    4
 This function calls:
		Nothing
 This function is called by:
		_fround
		_scale
		_sprintf
 This function uses a non-reentrant model


 *************** function ___ftmul *****************
 Defined at:
		line 62 in file "/Applications/microchip/xc8/v1.33/sources/common/ftmul.c"
 Parameters:    Size  Location     Type
  f1              3   41[BANK0 ] float 
  f2              3   44[BANK0 ] float 
 Auto vars:     Size  Location     Type
  f3_as_produc    3   51[BANK0 ] unsigned um
  sign            1   55[BANK0 ] unsigned char 
  cntr            1   54[BANK0 ] unsigned char 
  exp             1   50[BANK0 ] unsigned char 
 Return value:  Size  Location     Type
                  3   41[BANK0 ] float 
 Registers used:
		wreg, status,2, status,0, cstack
 Tracked objects:
		On entry : 
		On exit  : 
		Unchanged: 
 Data sizes:     COMRAM   BANK0   BANK1   BANK2   BANK3   BANK4   BANK5
[...]
		wreg
 Tracked objects:
		On entry : 
		On exit  : 
		Unchanged: 
 Data sizes:     COMRAM   BANK0   BANK1   BANK2   BANK3   BANK4   BANK5
      Params:         0       0       0       0       0       0       0
      Locals:         0       1       0       0       0       0       0
      Temps:          0       0       0       0       0       0       0
      Totals:         0       1       0       0       0       0       0
Total ram usage:        1 bytes
 Hardware stack levels used:    1
 Hardware stack levels required when called:    4
 This function calls:
		Nothing
 This function is called by:
		_DisplayLCD
 This function uses a non-reentrant model


 *************** function _Delay100TCYx *****************
 Defined at:
		line 8 in file "/Applications/microchip/xc8/v1.33/sources/pic18/d100tcyx.c"
 Parameters:    Size  Location     Type
  unit            1    wreg     unsigned char 
 Auto vars:     Size  Location     Type
  unit            1   14[BANK0 ] unsigned char 
 Return value:  Size  Location     Type
		None               void
 Registers used:
		wreg
 Tracked objects:
		On entry : 
		On exit  : 
		Unchanged: 
 Data sizes:     COMRAM   BANK0   BANK1   BANK2   BANK3   BANK4   BANK5
      Params:         0       0       0       0       0       0       0
      Locals:         0       1       0       0       0       0       0
      Temps:          0       0       0       0       0       0       0
      Totals:         0       1       0       0       0       0       0
Total ram usage:        1 bytes
 Hardware stack levels used:    1
 Hardware stack levels required when called:    4
 This function calls:
		Nothing
 This function is called by:
		_DisplayLCD
 This function uses a non-reentrant model


 *************** function _InitInterrupts *****************
 Defined at:
		line 129 in file "user.c"
 Parameters:    Size  Location     Type
		None
 Auto vars:     Size  Location     Type
		None
 Return value:  Size  Location     Type
		None               void
 Registers used:
		None
 Tracked objects:
		On entry : 
		On exit  : 
		Unchanged: 
 Data sizes:     COMRAM   BANK0   BANK1   BANK2   BANK3   BANK4   BANK5
      Params:         0       0       0       0       0       0       0
      Locals:         0       0       0       0       0       0       0
      Temps:          0       0       0       0       0       0       0
      Totals:         0       0       0       0       0       0       0
Total ram usage:        0 bytes
 Hardware stack levels used:    1
 Hardware stack levels required when called:    4
 This function calls:
		Nothing
 This function is called by:
		_main
 This function uses a non-reentrant model


 *************** function _InitApp *****************
 Defined at:
		line 22 in file "user.c"
 Parameters:    Size  Location     Type
		None
 Auto vars:     Size  Location     Type
		None
 Return value:  Size  Location     Type
		None               void
 Registers used:
		wreg, status,2, status,0, cstack
 Tracked objects:
		On entry : 
		On exit  : 
		Unchanged: 
 Data sizes:     COMRAM   BANK0   BANK1   BANK2   BANK3   BANK4   BANK5
      Params:         0       0       0       0       0       0       0
      Locals:         0       0       0       0       0       0       0
      Temps:          0       0       0       0       0       0       0
      Totals:         0       0       0       0       0       0       0
Total ram usage:        0 bytes
 Hardware stack levels used:    1
 Hardware stack levels required when called:    6
 This function calls:
		_WaitHalfSec
 This function is called by:
		_main
 This function uses a non-reentrant model


 *************** function _WaitHalfSec *****************
 Defined at:
		line 54 in file "user.c"
 Parameters:    Size  Location     Type
		None
 Auto vars:     Size  Location     Type
  Halfcount       2   15[BANK0 ] int 
 Return value:  Size  Location     Type
		None               void
 Registers used:
		wreg, status,2, status,0, cstack
 Tracked objects:
		On entry : 
		On exit  : 
		Unchanged: 
 Data sizes:     COMRAM   BANK0   BANK1   BANK2   BANK3   BANK4   BANK5
      Params:         0       0       0       0       0       0       0
      Locals:         0       2       0       0       0       0       0
      Temps:          0       0       0       0       0       0       0
      Totals:         0       2       0       0       0       0       0
Total ram usage:        2 bytes
 Hardware stack levels used:    1
 Hardware stack levels required when called:    5
 This function calls:
		_Delay1KTCYx
 This function is called by:
		_main
		_InitApp
 This function uses a non-reentrant model


 *************** function _Delay1KTCYx *****************
 Defined at:
		line 8 in file "/Applications/microchip/xc8/v1.33/sources/pic18/d1ktcyx.c"
 Parameters:    Size  Location     Type
  unit            1    wreg     unsigned char 
 Auto vars:     Size  Location     Type
  unit            1   14[BANK0 ] unsigned char 
 Return value:  Size  Location     Type
		None               void
 Registers used:
		wreg
 Tracked objects:
		On entry : 
		On exit  : 
		Unchanged: 
 Data sizes:     COMRAM   BANK0   BANK1   BANK2   BANK3   BANK4   BANK5
      Params:         0       0       0       0       0       0       0
      Locals:         0       1       0       0       0       0       0
      Temps:          0       0       0       0       0       0       0
      Totals:         0       1       0       0       0       0       0
Total ram usage:        1 bytes
 Hardware stack levels used:    1
 Hardware stack levels required when called:    4
 This function calls:
		Nothing
 This function is called by:
		_WaitHalfSec
		_DisplayLCD
 This function uses a non-reentrant model


 *************** function _CloseTimer0 *****************
 Defined at:
		line 15 in file "/Applications/microchip/xc8/v1.33/sources/pic18/plib/Timers/t0close.c"
 Parameters:    Size  Location     Type
		None
 Auto vars:     Size  Location     Type
		None
 Return value:  Size  Location     Type
		None               void
 Registers used:
		None
 Tracked objects:
		On entry : 
		On exit  : 
		Unchanged: 
 Data sizes:     COMRAM   BANK0   BANK1   BANK2   BANK3   BANK4   BANK5
      Params:         0       0       0       0       0       0       0
      Locals:         0       0       0       0       0       0       0
      Temps:          0       0       0       0       0       0       0
      Totals:         0       0       0       0       0       0       0
Total ram usage:        0 bytes
 Hardware stack levels used:    1
 Hardware stack levels required when called:    4
 This function calls:
		Nothing
 This function is called by:
		_main
 This function uses a non-reentrant model


 *************** function _low_isr *****************
 Defined at:
		line 126 in file "main.c"
 Parameters:    Size  Location     Type
		None
 Auto vars:     Size  Location     Type
		None
 Return value:  Size  Location     Type
		None               void
 Registers used:
		wreg, status,2, status,0, tblptrl, tblptrh, tblptru, prodl, cstack
 Tracked objects:
		On entry : 
		On exit  : 
		Unchanged: 
 Data sizes:     COMRAM   BANK0   BANK1   BANK2   BANK3   BANK4   BANK5
      Params:         0       0       0       0       0       0       0
      Locals:         0       0       0       0       0       0       0
      Temps:         19       0       0       0       0       0       0
      Totals:        19       0       0       0       0       0       0
Total ram usage:       19 bytes
 Hardware stack levels used:    1
 Hardware stack levels required when called:    3
 This function calls:
		___awtoft
		i1_WriteTimer0
		i1___ftdiv
 This function is called by:
		Interrupt level 1
 This function uses a non-reentrant model


 *************** function i1___ftdiv *****************
 Defined at:
		line 49 in file "/Applications/microchip/xc8/v1.33/sources/common/ftdiv.c"
 Parameters:    Size  Location     Type
  f1              3   12[COMRAM] float 
  f2              3   15[COMRAM] float 
 Auto vars:     Size  Location     Type
  __ftdiv         3   22[COMRAM] float 
  __ftdiv         1   26[COMRAM] unsigned char 
  __ftdiv         1   25[COMRAM] unsigned char 
  __ftdiv         1   21[COMRAM] unsigned char 
 Return value:  Size  Location     Type
                  3   12[COMRAM] float 
 Registers used:
		wreg, status,2, status,0, cstack
 Tracked objects:
		On entry : 
		On exit  : 
		Unchanged: 
 Data sizes:     COMRAM   BANK0   BANK1   BANK2   BANK3   BANK4   BANK5
      Params:         6       0       0       0       0       0       0
      Locals:         6       0       0       0       0       0       0
      Temps:          3       0       0       0       0       0       0
      Totals:        15       0       0       0       0       0       0
Total ram usage:       15 bytes
 Hardware stack levels used:    1
 Hardware stack levels required when called:    2
 This function calls:
		i1___ftpack
 This function is called by:
		_low_isr
 This function uses a non-reentrant model


 *************** function i1_WriteTimer0 *****************
 Defined at:
		line 16 in file "/Applications/microchip/xc8/v1.33/sources/pic18/plib/Timers/t0write.c"
 Parameters:    Size  Location     Type
  timer0          2    0[COMRAM] unsigned int 
 Auto vars:     Size  Location     Type
  WriteTimer0     2    2[COMRAM] struct Timers
 Return value:  Size  Location     Type
		None               void
 Registers used:
		None
 Tracked objects:
		On entry : 
		On exit  : 
		Unchanged: 
 Data sizes:     COMRAM   BANK0   BANK1   BANK2   BANK3   BANK4   BANK5
      Params:         2       0       0       0       0       0       0
      Locals:         2       0       0       0       0       0       0
      Temps:          0       0       0       0       0       0       0
      Totals:         4       0       0       0       0       0       0
Total ram usage:        4 bytes
 Hardware stack levels used:    1
 Hardware stack levels required when called:    1
 This function calls:
		Nothing
 This function is called by:
		_low_isr
 This function uses a non-reentrant model


 *************** function ___awtoft *****************
 Defined at:
		line 32 in file "/Applications/microchip/xc8/v1.33/sources/common/awtoft.c"
 Parameters:    Size  Location     Type
  c               2    8[COMRAM] int 
 Auto vars:     Size  Location     Type
  sign            1   11[COMRAM] unsigned char 
 Return value:  Size  Location     Type
                  3    8[COMRAM] float 
 Registers used:
		wreg, status,2, status,0, prodl, cstack
 Tracked objects:
		On entry : 
		On exit  : 
		Unchanged: 
 Data sizes:     COMRAM   BANK0   BANK1   BANK2   BANK3   BANK4   BANK5
      Params:         3       0       0       0       0       0       0
      Locals:         1       0       0       0       0       0       0
      Temps:          0       0       0       0       0       0       0
      Totals:         4       0       0       0       0       0       0
Total ram usage:        4 bytes
 Hardware stack levels used:    1
 Hardware stack levels required when called:    2
 This function calls:
		i1___ftpack
 This function is called by:
		_low_isr
		_ReadEncoder
 This function uses a non-reentrant model


 *************** function i1___ftpack *****************
 Defined at:
		line 62 in file "/Applications/microchip/xc8/v1.33/sources/common/float.c"
 Parameters:    Size  Location     Type
  arg             3    0[COMRAM] unsigned um
  exp             1    3[COMRAM] unsigned char 
  sign            1    4[COMRAM] unsigned char 
 Auto vars:     Size  Location     Type
		None
 Return value:  Size  Location     Type
                  3    0[COMRAM] float 
 Registers used:
		wreg, status,2, status,0
 Tracked objects:
		On entry : 
		On exit  : 
		Unchanged: 
 Data sizes:     COMRAM   BANK0   BANK1   BANK2   BANK3   BANK4   BANK5
      Params:         5       0       0       0       0       0       0
      Locals:         0       0       0       0       0       0       0
      Temps:          3       0       0       0       0       0       0
      Totals:         8       0       0       0       0       0       0
Total ram usage:        8 bytes
 Hardware stack levels used:    1
 Hardware stack levels required when called:    1
 This function calls:
		Nothing
 This function is called by:
		___awtoft
		i1___ftdiv
 This function uses a non-reentrant model


 *************** function _TimerStopped *****************
 Defined at:
		line 15 in file "interrupts.c"
 Parameters:    Size  Location     Type
		None
 Auto vars:     Size  Location     Type
		None
 Return value:  Size  Location     Type
		None               void
 Registers used:
		None
 Tracked objects:
		On entry : 
		On exit  : 
		Unchanged: 
 Data sizes:     COMRAM   BANK0   BANK1   BANK2   BANK3   BANK4   BANK5
      Params:         0       0       0       0       0       0       0
      Locals:         0       0       0       0       0       0       0
      Temps:         17       0       0       0       0       0       0
      Totals:        17       0       0       0       0       0       0
Total ram usage:       17 bytes
 Hardware stack levels used:    1
 Hardware stack levels required when called:    1
 This function calls:
		Nothing
 This function is called by:
		Interrupt level 1
 This function uses a non-reentrant model


 *************** function _high_isr *****************
 Defined at:
		line 113 in file "main.c"
 Parameters:    Size  Location     Type
		None
 Auto vars:     Size  Location     Type
		None
 Return value:  Size  Location     Type
		None               void
 Registers used:
		None
 Tracked objects:
		On entry : 
		On exit  : 
		Unchanged: 
 Data sizes:     COMRAM   BANK0   BANK1   BANK2   BANK3   BANK4   BANK5
      Params:         0       0       0       0       0       0       0
      Locals:         0       0       0       0       0       0       0
      Temps:          0      14       0       0       0       0       0
      Totals:         0      14       0       0       0       0       0
Total ram usage:       14 bytes
 Hardware stack levels used:    1
 This function calls:
		Nothing
 This function is called by:
		Interrupt level 2
 This function uses a non-reentrant model



MODULE INFORMATION

Module		Function		Class		Link	Load	Size
/Applications/microchip/xc8/v1.33/sources/common/lltoft.c
		___lltoft      		CODE           	37C8	0000	130

/Applications/microchip/xc8/v1.33/sources/common/lltoft.c estimated size: 130

/Applications/microchip/xc8/v1.33/sources/pic18/d1ktcyx.c
		_Delay1KTCYx   		CODE           	3B0C	0000	22

/Applications/microchip/xc8/v1.33/sources/pic18/d1ktcyx.c estimated size: 22

/Applications/microchip/xc8/v1.33/sources/pic18/plib/Timers/t0write.c
		_WriteTimer0   		CODE           	3AE0	0000	22

/Applications/microchip/xc8/v1.33/sources/pic18/plib/Timers/t0write.c estimated size: 22

/Applications/microchip/xc8/v1.33/sources/common/ftmul.c
		___ftmul       		CODE           	2A26	0000	360

/Applications/microchip/xc8/v1.33/sources/common/ftmul.c estimated size: 360

/Applications/microchip/xc8/v1.33/sources/pic18/plib/Timers/t0close.c
		_CloseTimer0   		CODE           	3B4A	0000	10

/Applications/microchip/xc8/v1.33/sources/pic18/plib/Timers/t0close.c estimated size: 10

/Applications/microchip/xc8/v1.33/sources/common/ftdiv.c
		___ftdiv       		CODE           	2E40	0000	330

/Applications/microchip/xc8/v1.33/sources/common/ftdiv.c estimated size: 330

/Applications/microchip/xc8/v1.33/sources/pic18/d100tcyx.c
		_Delay100TCYx  		CODE           	3AF6	0000	22

/Applications/microchip/xc8/v1.33/sources/pic18/d100tcyx.c estimated size: 22

/Applications/microchip/xc8/v1.33/sources/common/doprnt.c
		_scale         		CODE           	1B72	0000	1436
		_sprintf       		CODE           	06A2	0000	5328
		_fround        		CODE           	210E	0000	792

/Applications/microchip/xc8/v1.33/sources/common/doprnt.c estimated size: 7556

interrupts.c
		_TimerStopped  		CODE           	0150	0000	150

interrupts.c estimated size: 150

/Applications/microchip/xc8/v1.33/sources/common/awdiv.c
		___awdiv       		CODE           	3194	0000	230

/Applications/microchip/xc8/v1.33/sources/common/awdiv.c estimated size: 230

/Applications/microchip/xc8/v1.33/sources/common/ftge.c
		___ftge        		CODE           	342C	0000	216

/Applications/microchip/xc8/v1.33/sources/common/ftge.c estimated size: 216

/Applications/microchip/xc8/v1.33/sources/common/Umul16.c
		___wmul        		CODE           	39BE	0000	58

/Applications/microchip/xc8/v1.33/sources/common/Umul16.c estimated size: 58

/Applications/microchip/xc8/v1.33/sources/common/lldiv.c
		___lldiv       		CODE           	3354	0000	216

/Applications/microchip/xc8/v1.33/sources/common/lldiv.c estimated size: 216

/Applications/microchip/xc8/v1.33/sources/common/fttol.c
		___fttol       		CODE           	2CF2	0000	334

/Applications/microchip/xc8/v1.33/sources/common/fttol.c estimated size: 334

/Applications/microchip/xc8/v1.33/sources/common/ftdivl.c
		__tdiv_to_l_   		CODE           	288C	0000	410

/Applications/microchip/xc8/v1.33/sources/common/ftdivl.c estimated size: 410

/Applications/microchip/xc8/v1.33/sources/common/isdigit.c
		_isdigit       		CODE           	3A68	0000	48

/Applications/microchip/xc8/v1.33/sources/common/isdigit.c estimated size: 48

/Applications/microchip/xc8/v1.33/sources/common/ftadd.c
		___ftadd       		CODE           	2426	0000	644

/Applications/microchip/xc8/v1.33/sources/common/ftadd.c estimated size: 644

/Applications/microchip/xc8/v1.33/sources/common/fldivl.c
		__div_to_l_    		CODE           	26AA	0000	482

/Applications/microchip/xc8/v1.33/sources/common/fldivl.c estimated size: 482

shared
		__stringdata   		SMALLCONST     	069B	0000	6
		i1___ftdiv     		CODE           	327A	0000	218
		__powers_      		SMALLCONST     	0650	0000	39
		_dpowers       		SMALLCONST     	0601	0000	40
		_EncoderPoll   		SMALLCONST     	0699	0000	2
		i1___ftpack    		CODE           	35CC	0000	172
		__npowers_     		SMALLCONST     	0629	0000	39
		__initializatio		CODE           	3944	0000	52
		_CountPerRev   		SMALLCONST     	0697	0000	2
		_QEM           		SMALLCONST     	0677	0000	32
		i1_WriteTimer0 		CODE           	3B22	0000	22

shared estimated size: 624

/Applications/microchip/xc8/v1.33/sources/pic18/d10tcyx.c
		_Delay10TCYx   		CODE           	3AC8	0000	24

/Applications/microchip/xc8/v1.33/sources/pic18/d10tcyx.c estimated size: 24

/Applications/microchip/xc8/v1.33/sources/common/ftneg.c
		___ftneg       		CODE           	3A32	0000	54

/Applications/microchip/xc8/v1.33/sources/common/ftneg.c estimated size: 54

/Applications/microchip/xc8/v1.33/sources/common/ftsub.c
		___ftsub       		CODE           	3904	0000	64

/Applications/microchip/xc8/v1.33/sources/common/ftsub.c estimated size: 64

/Applications/microchip/xc8/v1.33/sources/common/awtoft.c
		___awtoft      		CODE           	38B8	0000	76

/Applications/microchip/xc8/v1.33/sources/common/awtoft.c estimated size: 76

user.c
		_InitInterrupts		CODE           	3A98	0000	48
		_InitApp       		CODE           	3982	0000	60
		_WriteLCD      		CODE           	3098	0000	252
		_WaitHalfSec   		CODE           	39F8	0000	58
		_DisplayLCD    		CODE           	3720	0000	168

user.c estimated size: 586

/Applications/microchip/xc8/v1.33/sources/common/float.c
		___ftpack      		CODE           	2F8A	0000	270

/Applications/microchip/xc8/v1.33/sources/common/float.c estimated size: 270

/Applications/microchip/xc8/v1.33/sources/common/awmod.c
		___awmod       		CODE           	3504	0000	200

/Applications/microchip/xc8/v1.33/sources/common/awmod.c estimated size: 200

main.c
		_main          		CODE           	2B8E	0000	356
		_high_isr      		CODE           	0008	0000	14512
		_low_isr       		CODE           	0018	0000	312

main.c estimated size: 15180

/Applications/microchip/xc8/v1.33/sources/common/llmod.c
		___llmod       		CODE           	3678	0000	168

/Applications/microchip/xc8/v1.33/sources/common/llmod.c estimated size: 168

