Microchip MPLAB XC8 Compiler V1.33 ()

Linker command line:

--edf=/Applications/microchip/xc8/v1.33/dat/en_msgs.txt -cs \
  -h+dist/default/production/PracticeProject.X.production.sym \
  --cmf=dist/default/production/PracticeProject.X.production.cmf -z \
  -Q18F452 -o/tmp/cgtIlE5ZI \
  -Mdist/default/production/PracticeProject.X.production.map -E1 -ver=XC8 \
  -ASTACK=0ABh-05ffh -pstack=STACK -ACODE=00h-03FFFhx2 -ACONST=00h-07FFFh \
  -ASMALLCONST=0600h-06FFhx122 -AMEDIUMCONST=0600h-07FFFh -ACOMRAM=01h-07Fh \
  -AABS1=00h-05FFh -ABIGRAM=01h-05FFh -ARAM=080h-0FFh,0100h-01FFhx5 \
  -ABANK0=080h-0FFh -ABANK1=0100h-01FFh -ABANK2=0200h-02FFh \
  -ABANK3=0300h-03FFh -ABANK4=0400h-04FFh -ABANK5=0500h-05FFh \
  -ASFR=0F80h-0FFFh \
  -preset_vec=00h,intcode=08h,intcodelo=018h,powerup,init,end_init \
  -pramtop=0600h -psmallconst=SMALLCONST -pmediumconst=MEDIUMCONST \
  -pconst=CONST -AFARRAM=00h-00h -ACONFIG=0300000h-030000Dh -pconfig=CONFIG \
  -AIDLOC=0200000h-0200007h -pidloc=IDLOC -AEEDATA=0F00000h-0F000FFh \
  -peeprom_data=EEDATA \
  -prdata=COMRAM,nvrram=COMRAM,nvbit=COMRAM,rbss=COMRAM,rbit=COMRAM \
  -pfarbss=FARRAM,fardata=FARRAM,nvFARRAM=FARRAM \
  -pintsave_regs=BIGRAM,bigbss=BIGRAM,bigdata=BIGRAM -pbss=RAM \
  -pidata=CODE,irdata=CODE,ibigdata=CODE,ifardata=CODE /tmp/cgtVkhOd7.obj \
  dist/default/production/PracticeProject.X.production.obj 

Object code version is 3.11

Machine type is 18F452

Call graph: (short form)




                Name                               Link     Load   Length Selector   Space Scale
/tmp/cgtVkhOd7.obj
                end_init                            146      146        4        C       0
                text                                A9A      A9A        2      312       0
                reset_vec                             0        0        6        0       0
                idloc                            200000   200000        8   200000       0
                config                           300000   300000        E   300000       0
dist/default/production/PracticeProject.X.production.obj
                intcodelo                            18       18      12E        C       0
                intcode                               8        8        E        4       0
                smallconst                          600      600       24      300       0
                intcode_body                        918      918       6E      312       0
                text9                               624      624      15E      312       0
                text7                               A62      A62       16      312       0
                text6                               A34      A34       18      312       0
                text5                               A4C      A4C       16      312       0
                text4                               870      870       A8      312       0
                text3                               9FA      9FA       3A      312       0
                text2                               9C0      9C0       3A      312       0
                text1                               A8A      A8A       10      312       0
                text0                               782      782       EE      312       0
                cstackCOMRAM                          1        1       3E        1       1
                cstackBANK0                          80       80       19       80       1
                dataBANK0                            99       99       12       80       1
                bssCOMRAM                            3F       3F        A        1       1
                cinit                               986      986       3A      312       0
                idataBANK0                          A78      A78       12      312       0

TOTAL           Name                               Link     Load   Length     Space
        CLASS   STACK          

        CLASS   CODE           
                end_init                            146      146        4         0
                text                                A9A      A9A        2         0
                intcodelo                            18       18      12E         0
                intcode                               8        8        E         0
                reset_vec                             0        0        6         0
                intcode_body                        918      918       6E         0
                text9                               624      624      15E         0
                text7                               A62      A62       16         0
                text6                               A34      A34       18         0
                text5                               A4C      A4C       16         0
                text4                               870      870       A8         0
                text3                               9FA      9FA       3A         0
                text2                               9C0      9C0       3A         0
                text1                               A8A      A8A       10         0
                text0                               782      782       EE         0
                cinit                               986      986       3A         0
                idataBANK0                          A78      A78       12         0

        CLASS   CONST          

        CLASS   SMALLCONST     
                smallconst                          600      600       24         0

        CLASS   MEDIUMCONST    

        CLASS   COMRAM         
                cstackCOMRAM                          1        1       3E         1
                bssCOMRAM                            3F       3F        A         1

        CLASS   ABS1           

        CLASS   BIGRAM         

        CLASS   RAM            

        CLASS   BANK0          
                cstackBANK0                          80       80       19         1
                dataBANK0                            99       99       12         1

        CLASS   BANK1          

        CLASS   BANK2          

        CLASS   BANK3          

        CLASS   BANK4          

        CLASS   BANK5          

        CLASS   SFR            

        CLASS   FARRAM         

        CLASS   CONFIG         
                config                           300000   300000        E         0

        CLASS   IDLOC          
                idloc                            200000   200000        8         0

        CLASS   EEDATA         



SEGMENTS        Name                           Load    Length   Top    Selector   Space  Class

                reset_vec                      000000  000006  000006         0       0  CODE    
                cstackCOMRAM                   000001  000048  000049         1       1  COMRAM  
                intcode                        000008  00000E  000016         4       0  CODE    
                intcodelo                      000018  000132  00014A         C       0  CODE    
                cstackBANK0                    000080  00002B  0000AB        80       1  BANK0   
                smallconst                     000600  000024  000624       300       0  SMALLCON
                text9                          000624  000478  000A9C       312       0  CODE    
                idloc                          200000  000008  200008    200000       0  IDLOC   
                config                         300000  00000E  30000E    300000       0  CONFIG  


UNUSED ADDRESS RANGES

        Name                Unused          Largest block    Delta
        BANK0            0000AB-0000FF               55
        BANK1            000100-0001FF              100
        BANK2            000200-0002FF              100
        BANK3            000300-0003FF              100
        BANK4            000400-0004FF              100
        BANK5            000500-0005FF              100
        BIGRAM           000049-00007F               37
                         0000AB-0005FF              555
        CODE             000006-000007                2
                         000016-000017                2
                         00014A-0005FF              4B6
                         000A9C-007FFF             3564
        COMRAM           000049-00007F               37
        CONST            000006-000007                2
                         000016-000017                2
                         00014A-0005FF              4B6
                         000A9C-007FFF             7564
        EEDATA           F00000-F000FF              100
        MEDIUMCONST      000A9C-007FFF             7564
        RAM              0000AB-0005FF              100
        SFR              000F80-000FFF               80
        SMALLCONST       000A9C-007FFF              100
        STACK            0000AB-0005FF              555

                                  Symbol Table

Delay100TCYx@unit                                                       cstackBANK0  000080
Delay10TCYx@unit                                                        cstackBANK0  000080
Delay1KTCYx@unit                                                        cstackBANK0  000080
DisplayLCD@currentChar                                                  cstackBANK0  000085
DisplayLCD@init                                                         cstackBANK0  000083
DisplayLCD@tempPtr                                                      cstackBANK0  000081
ReadEncoder@Anew                                                        cstackCOMRAM 000009
ReadEncoder@Bnew                                                        cstackCOMRAM 00000B
ReadEncoder@NEW_ROT                                                     cstackCOMRAM 00000D
ReadEncoder@New                                                         cstackCOMRAM 000007
ReadEncoder@Old                                                         cstackCOMRAM 000005
WaitHalfSec@Halfcount                                                   cstackBANK0  000081
_ADCON1                                                                 (abs)        000FC1
_CCWTurn                                                                bssCOMRAM    00003F
_CHA                                                                    bssCOMRAM    000041
_CHB                                                                    bssCOMRAM    000043
_CWTurn                                                                 bssCOMRAM    000045
_Delay100TCYx                                                           text7        000A62
_Delay10TCYx                                                            text6        000A34
_Delay1KTCYx                                                            text5        000A4C
_DisplayLCD                                                             text4        000870
_EncoderPoll                                                            smallconst   000621
_INTCON                                                                 (abs)        000FF2
_INTCON2                                                                (abs)        000FF1
_INTCONbits                                                             (abs)        000FF2
_InitApp                                                                text2        0009C0
_InitInterrupts                                                         text1        000A8A
_LATB4                                                                  (abs)        007C54
_OLD_ROT                                                                bssCOMRAM    000047
_PORTA                                                                  (abs)        000F80
_PORTAbits                                                              (abs)        000F80
_PORTBbits                                                              (abs)        000F81
_PORTD                                                                  (abs)        000F83
_PORTEbits                                                              (abs)        000F84
_QEM                                                                    smallconst   000601
_RCONbits                                                               (abs)        000FD0
_ReadEncoder                                                            text9        000624
_TRISA                                                                  (abs)        000F92
_TRISBbits                                                              (abs)        000F93
_TRISD                                                                  (abs)        000F95
_TRISE                                                                  (abs)        000F96
_TimerStopped                                                           intcodelo    0000B0
_WaitHalfSec                                                            text3        0009FA
__CFG_BOR$ON                                                            (abs)        000000
__CFG_BORV$45                                                           (abs)        000000
__CFG_CCP2MUX$ON                                                        (abs)        000000
__CFG_CP0$OFF                                                           (abs)        000000
__CFG_CP1$OFF                                                           (abs)        000000
__CFG_CP2$OFF                                                           (abs)        000000
__CFG_CP3$OFF                                                           (abs)        000000
__CFG_CPB$OFF                                                           (abs)        000000
__CFG_CPD$OFF                                                           (abs)        000000
__CFG_EBTR0$OFF                                                         (abs)        000000
__CFG_EBTR1$OFF                                                         (abs)        000000
__CFG_EBTR2$OFF                                                         (abs)        000000
__CFG_EBTR3$OFF                                                         (abs)        000000
__CFG_EBTRB$OFF                                                         (abs)        000000
__CFG_LVP$OFF                                                           (abs)        000000
__CFG_OSC$HS                                                            (abs)        000000
__CFG_OSCS$ON                                                           (abs)        000000
__CFG_PWRT$ON                                                           (abs)        000000
__CFG_STVR$ON                                                           (abs)        000000
__CFG_WDT$OFF                                                           (abs)        000000
__CFG_WDTPS$128                                                         (abs)        000000
__CFG_WRT0$OFF                                                          (abs)        000000
__CFG_WRT1$OFF                                                          (abs)        000000
__CFG_WRT2$OFF                                                          (abs)        000000
__CFG_WRT3$OFF                                                          (abs)        000000
__CFG_WRTB$OFF                                                          (abs)        000000
__CFG_WRTC$OFF                                                          (abs)        000000
__CFG_WRTD$OFF                                                          (abs)        000000
__HRAM                                                                  (abs)        000000
__Habs1                                                                 abs1         000000
__Hbank0                                                                bank0        000000
__Hbank1                                                                bank1        000000
__Hbank2                                                                bank2        000000
__Hbank3                                                                bank3        000000
__Hbank4                                                                bank4        000000
__Hbank5                                                                bank5        000000
__Hbigbss                                                               bigbss       000000
__Hbigdata                                                              bigdata      000000
__Hbigram                                                               bigram       000000
__Hbss                                                                  bss          000000
__HbssCOMRAM                                                            bssCOMRAM    000000
__Hcinit                                                                cinit        000000
__Hclrtext                                                              clrtext      000000
__Hcomram                                                               comram       000000
__Hconfig                                                               config       30000E
__Hconst                                                                const        000000
__HcstackBANK0                                                          cstackBANK0  000000
__HcstackCOMRAM                                                         cstackCOMRAM 000000
__Hdata                                                                 data         000000
__HdataBANK0                                                            dataBANK0    000000
__Heeprom_data                                                          eeprom_data  000000
__Hend_init                                                             end_init     00014A
__Hfarbss                                                               farbss       000000
__Hfardata                                                              fardata      000000
__Hibigdata                                                             ibigdata     000000
__Hidata                                                                idata        000000
__HidataBANK0                                                           idataBANK0   000000
__Hidloc                                                                idloc        200008
__Hifardata                                                             ifardata     000000
__Hinit                                                                 init         000146
__Hintcode                                                              intcode      000016
__Hintcode_body                                                         intcode_body 000000
__Hintcodelo                                                            intcodelo    000146
__Hintentry                                                             intentry     000000
__Hintret                                                               intret       000000
__Hintsave_regs                                                         intsave_regs 000000
__Hirdata                                                               irdata       000000
__Hmediumconst                                                          mediumconst  000000
__HnvFARRAM                                                             nvFARRAM     000000
__Hnvbit                                                                nvbit        000000
__Hnvrram                                                               nvrram       000000
__Hparam                                                                rparam       000000
__Hpowerup                                                              powerup      000146
__Hram                                                                  ram          000000
__Hramtop                                                               ramtop       000600
__Hrbit                                                                 rbit         000000
__Hrbss                                                                 rbss         000000
__Hrdata                                                                rdata        000000
__Hreset_vec                                                            reset_vec    000006
__Hrparam                                                               rparam       000000
__Hsfr                                                                  sfr          000000
__Hsmallconst                                                           smallconst   000624
__Hspace_0                                                              (abs)        30000E
__Hspace_1                                                              (abs)        0000AB
__Hspace_2                                                              (abs)        000000
__Hstack                                                                stack        000000
__Hstruct                                                               struct       000000
__Htemp                                                                 temp         000000
__Htext                                                                 text         000000
__Htext0                                                                text0        000000
__Htext1                                                                text1        000000
__Htext2                                                                text2        000000
__Htext3                                                                text3        000000
__Htext4                                                                text4        000000
__Htext5                                                                text5        000000
__Htext6                                                                text6        000000
__Htext7                                                                text7        000000
__Htext9                                                                text9        000000
__LRAM                                                                  (abs)        000001
__Labs1                                                                 abs1         000000
__Lbank0                                                                bank0        000000
__Lbank1                                                                bank1        000000
__Lbank2                                                                bank2        000000
__Lbank3                                                                bank3        000000
__Lbank4                                                                bank4        000000
__Lbank5                                                                bank5        000000
__Lbigbss                                                               bigbss       000000
__Lbigdata                                                              bigdata      000000
__Lbigram                                                               bigram       000000
__Lbss                                                                  bss          000000
__LbssCOMRAM                                                            bssCOMRAM    000000
__Lcinit                                                                cinit        000000
__Lclrtext                                                              clrtext      000000
__Lcomram                                                               comram       000000
__Lconfig                                                               config       300000
__Lconst                                                                const        000000
__LcstackBANK0                                                          cstackBANK0  000000
__LcstackCOMRAM                                                         cstackCOMRAM 000000
__Ldata                                                                 data         000000
__LdataBANK0                                                            dataBANK0    000000
__Leeprom_data                                                          eeprom_data  000000
__Lend_init                                                             end_init     000146
__Lfarbss                                                               farbss       000000
__Lfardata                                                              fardata      000000
__Libigdata                                                             ibigdata     000000
__Lidata                                                                idata        000000
__LidataBANK0                                                           idataBANK0   000000
__Lidloc                                                                idloc        200000
__Lifardata                                                             ifardata     000000
__Linit                                                                 init         000146
__Lintcode                                                              intcode      000008
__Lintcode_body                                                         intcode_body 000000
__Lintcodelo                                                            intcodelo    000018
__Lintentry                                                             intentry     000000
__Lintret                                                               intret       000000
__Lintsave_regs                                                         intsave_regs 000000
__Lirdata                                                               irdata       000000
__Lmediumconst                                                          mediumconst  000000
__LnvFARRAM                                                             nvFARRAM     000000
__Lnvbit                                                                nvbit        000000
__Lnvrram                                                               nvrram       000000
__Lparam                                                                rparam       000000
__Lpowerup                                                              powerup      000146
__Lram                                                                  ram          000000
__Lramtop                                                               ramtop       000600
__Lrbit                                                                 rbit         000000
__Lrbss                                                                 rbss         000000
__Lrdata                                                                rdata        000000
__Lreset_vec                                                            reset_vec    000000
__Lrparam                                                               rparam       000000
__Lsfr                                                                  sfr          000000
__Lsmallconst                                                           smallconst   000600
__Lspace_0                                                              (abs)        000000
__Lspace_1                                                              (abs)        000000
__Lspace_2                                                              (abs)        000000
__Lstack                                                                stack        000000
__Lstruct                                                               struct       000000
__Ltemp                                                                 temp         000000
__Ltext                                                                 text         000000
__Ltext0                                                                text0        000000
__Ltext1                                                                text1        000000
__Ltext2                                                                text2        000000
__Ltext3                                                                text3        000000
__Ltext4                                                                text4        000000
__Ltext5                                                                text5        000000
__Ltext6                                                                text6        000000
__Ltext7                                                                text7        000000
__Ltext9                                                                text9        000000
__S0                                                                    (abs)        30000E
__S1                                                                    (abs)        0000AB
__S2                                                                    (abs)        000000
___inthi_sp                                                             stack        000000
___intlo_sp                                                             stack        000000
___sp                                                                   stack        000000
__accesstop                                                             (abs)        000080
__activetblptr                                                          (abs)        000001
__cntErrataNOP_/tmp/cgtVkhOd7.obj                                       (abs)        000001
__cntErrataNOP_dist/default/production/PracticeProject.X.production.obj (abs)        00001D
__end_of_Delay100TCYx                                                   text7        000A78
__end_of_Delay10TCYx                                                    text6        000A4C
__end_of_Delay1KTCYx                                                    text5        000A62
__end_of_DisplayLCD                                                     text4        000918
__end_of_EncoderPoll                                                    smallconst   000623
__end_of_InitApp                                                        text2        0009FA
__end_of_InitInterrupts                                                 text1        000A9A
__end_of_QEM                                                            smallconst   000621
__end_of_ReadEncoder                                                    text9        000782
__end_of_TimerStopped                                                   intcodelo    000146
__end_of_WaitHalfSec                                                    text3        000A34
__end_of__initialization                                                cinit        0009B2
__end_of_high_isr                                                       intcode_body 000986
__end_of_low_isr                                                        intcodelo    0000B0
__end_of_main                                                           text0        000870
__initialization                                                        cinit        000986
__mediumconst                                                           mediumconst  000000
__pbssCOMRAM                                                            bssCOMRAM    00003F
__pcinit                                                                cinit        000986
__pcstackBANK0                                                          cstackBANK0  000080
__pcstackCOMRAM                                                         cstackCOMRAM 000001
__pdataBANK0                                                            dataBANK0    000099
__pidataBANK0                                                           idataBANK0   000A78
__pintcode                                                              intcode      000008
__pintcode_body                                                         intcode_body 000918
__pintcodelo                                                            intcodelo    000018
__psmallconst                                                           smallconst   000600
__ptext0                                                                text0        000782
__ptext1                                                                text1        000A8A
__ptext2                                                                text2        0009C0
__ptext3                                                                text3        0009FA
__ptext4                                                                text4        000870
__ptext5                                                                text5        000A4C
__ptext6                                                                text6        000A34
__ptext7                                                                text7        000A62
__ptext9                                                                text9        000624
__ramtop                                                                ramtop       000600
__size_of_Delay100TCYx                                                  (abs)        000000
__size_of_Delay10TCYx                                                   (abs)        000000
__size_of_Delay1KTCYx                                                   (abs)        000000
__size_of_DisplayLCD                                                    (abs)        000000
__size_of_InitApp                                                       (abs)        000000
__size_of_InitInterrupts                                                (abs)        000000
__size_of_ReadEncoder                                                   (abs)        000000
__size_of_TimerStopped                                                  (abs)        000000
__size_of_WaitHalfSec                                                   (abs)        000000
__size_of_high_isr                                                      (abs)        000000
__size_of_low_isr                                                       (abs)        000000
__size_of_main                                                          (abs)        000000
__smallconst                                                            smallconst   000600
_high_isr                                                               intcode      000008
_low_isr                                                                intcodelo    000018
_main                                                                   text0        000782
end_of_initialization                                                   cinit        0009B2
int_func                                                                intcode_body 000918
intlevel0                                                               text         000A9A
intlevel1                                                               text         000A9A
intlevel2                                                               text         000A9A
intlevel3                                                               text         000A9A
main@F3914                                                              dataBANK0    000099
main@F3916                                                              dataBANK0    0000A0
main@F3918                                                              dataBANK0    0000A6
main@LCDinit                                                            cstackBANK0  000087
main@Msg1                                                               cstackBANK0  00008E
main@Msg2                                                               cstackBANK0  000094
stackhi                                                                 (abs)        0005FF
stacklo                                                                 (abs)        0000AB
start                                                                   init         000146
start_initialization                                                    cinit        000986


FUNCTION INFORMATION:

 *************** function _main *****************
 Defined at:
		line 32 in file "main.c"
 Parameters:    Size  Location     Type
		None
 Auto vars:     Size  Location     Type
  LCDinit         7    7[BANK0 ] unsigned char [7]
  Msg1            6   14[BANK0 ] unsigned char [6]
  Msg2            5   20[BANK0 ] unsigned char [5]
 Return value:  Size  Location     Type
                  2   30[COMRAM] int 
 Registers used:
		wreg, fsr1l, fsr1h, fsr2l, fsr2h, status,2, status,0, cstack
 Tracked objects:
		On entry : 
		On exit  : 
		Unchanged: 
 Data sizes:     COMRAM   BANK0   BANK1   BANK2   BANK3   BANK4   BANK5
      Params:         0       0       0       0       0       0       0
      Locals:         0      18       0       0       0       0       0
      Temps:          0       1       0       0       0       0       0
      Totals:         0      19       0       0       0       0       0
Total ram usage:       19 bytes
 Hardware stack levels required when called:    6
 This function calls:
		_DisplayLCD
		_InitApp
		_InitInterrupts
		_WaitHalfSec
 This function is called by:
		Startup code after reset
 This function uses a non-reentrant model


 *************** function _InitInterrupts *****************
 Defined at:
		line 125 in file "user.c"
 Parameters:    Size  Location     Type
		None
 Auto vars:     Size  Location     Type
		None
 Return value:  Size  Location     Type
                  2    8[COMRAM] int 
 Registers used:
		wreg, status,2
 Tracked objects:
		On entry : 
		On exit  : 
		Unchanged: 
 Data sizes:     COMRAM   BANK0   BANK1   BANK2   BANK3   BANK4   BANK5
      Params:         0       0       0       0       0       0       0
      Locals:         0       0       0       0       0       0       0
      Temps:          0       0       0       0       0       0       0
      Totals:         0       0       0       0       0       0       0
Total ram usage:        0 bytes
 Hardware stack levels used:    1
 Hardware stack levels required when called:    3
 This function calls:
		Nothing
 This function is called by:
		_main
 This function uses a non-reentrant model


 *************** function _InitApp *****************
 Defined at:
		line 18 in file "user.c"
 Parameters:    Size  Location     Type
		None
 Auto vars:     Size  Location     Type
		None
 Return value:  Size  Location     Type
                  2    2[COMRAM] int 
 Registers used:
		wreg, status,2, status,0, cstack
 Tracked objects:
		On entry : 
		On exit  : 
		Unchanged: 
 Data sizes:     COMRAM   BANK0   BANK1   BANK2   BANK3   BANK4   BANK5
      Params:         0       0       0       0       0       0       0
      Locals:         0       0       0       0       0       0       0
      Temps:          0       0       0       0       0       0       0
      Totals:         0       0       0       0       0       0       0
Total ram usage:        0 bytes
 Hardware stack levels used:    1
 Hardware stack levels required when called:    5
 This function calls:
		_WaitHalfSec
 This function is called by:
		_main
 This function uses a non-reentrant model


 *************** function _WaitHalfSec *****************
 Defined at:
		line 50 in file "user.c"
 Parameters:    Size  Location     Type
		None
 Auto vars:     Size  Location     Type
  Halfcount       2    1[BANK0 ] int 
 Return value:  Size  Location     Type
                  2   10[COMRAM] int 
 Registers used:
		wreg, status,2, status,0, cstack
 Tracked objects:
		On entry : 
		On exit  : 
		Unchanged: 
 Data sizes:     COMRAM   BANK0   BANK1   BANK2   BANK3   BANK4   BANK5
      Params:         0       0       0       0       0       0       0
      Locals:         0       2       0       0       0       0       0
      Temps:          0       0       0       0       0       0       0
      Totals:         0       2       0       0       0       0       0
Total ram usage:        2 bytes
 Hardware stack levels used:    1
 Hardware stack levels required when called:    4
 This function calls:
		_Delay1KTCYx
 This function is called by:
		_main
		_InitApp
 This function uses a non-reentrant model


 *************** function _DisplayLCD *****************
 Defined at:
		line 71 in file "user.c"
 Parameters:    Size  Location     Type
  tempPtr         2    1[BANK0 ] PTR unsigned char 
		 -> main@Msg2(5), main@Msg1(6), main@LCDinit(7), 
  init            2    3[BANK0 ] int 
 Auto vars:     Size  Location     Type
  currentChar     1    5[BANK0 ] unsigned char 
 Return value:  Size  Location     Type
                  2    1[BANK0 ] int 
 Registers used:
		wreg, fsr2l, fsr2h, status,2, status,0, cstack
 Tracked objects:
		On entry : 
		On exit  : 
		Unchanged: 
 Data sizes:     COMRAM   BANK0   BANK1   BANK2   BANK3   BANK4   BANK5
      Params:         0       4       0       0       0       0       0
      Locals:         0       1       0       0       0       0       0
      Temps:          0       0       0       0       0       0       0
      Totals:         0       5       0       0       0       0       0
Total ram usage:        5 bytes
 Hardware stack levels used:    1
 Hardware stack levels required when called:    4
 This function calls:
		_Delay100TCYx
		_Delay10TCYx
		_Delay1KTCYx
 This function is called by:
		_main
 This function uses a non-reentrant model


 *************** function _Delay1KTCYx *****************
 Defined at:
		line 8 in file "/Applications/microchip/xc8/v1.33/sources/pic18/d1ktcyx.c"
 Parameters:    Size  Location     Type
  unit            1    wreg     unsigned char 
 Auto vars:     Size  Location     Type
  unit            1    0[BANK0 ] unsigned char 
 Return value:  Size  Location     Type
		None               void
 Registers used:
		wreg
 Tracked objects:
		On entry : 
		On exit  : 
		Unchanged: 
 Data sizes:     COMRAM   BANK0   BANK1   BANK2   BANK3   BANK4   BANK5
      Params:         0       0       0       0       0       0       0
      Locals:         0       1       0       0       0       0       0
      Temps:          0       0       0       0       0       0       0
      Totals:         0       1       0       0       0       0       0
Total ram usage:        1 bytes
 Hardware stack levels used:    1
 Hardware stack levels required when called:    3
 This function calls:
		Nothing
 This function is called by:
		_WaitHalfSec
		_DisplayLCD
 This function uses a non-reentrant model


 *************** function _Delay10TCYx *****************
 Defined at:
		line 8 in file "/Applications/microchip/xc8/v1.33/sources/pic18/d10tcyx.c"
 Parameters:    Size  Location     Type
  unit            1    wreg     unsigned char 
 Auto vars:     Size  Location     Type
  unit            1    0[BANK0 ] unsigned char 
 Return value:  Size  Location     Type
		None               void
 Registers used:
		wreg
 Tracked objects:
		On entry : 
		On exit  : 
		Unchanged: 
 Data sizes:     COMRAM   BANK0   BANK1   BANK2   BANK3   BANK4   BANK5
      Params:         0       0       0       0       0       0       0
      Locals:         0       1       0       0       0       0       0
      Temps:          0       0       0       0       0       0       0
      Totals:         0       1       0       0       0       0       0
Total ram usage:        1 bytes
 Hardware stack levels used:    1
 Hardware stack levels required when called:    3
 This function calls:
		Nothing
 This function is called by:
		_DisplayLCD
 This function uses a non-reentrant model


 *************** function _Delay100TCYx *****************
 Defined at:
		line 8 in file "/Applications/microchip/xc8/v1.33/sources/pic18/d100tcyx.c"
 Parameters:    Size  Location     Type
  unit            1    wreg     unsigned char 
 Auto vars:     Size  Location     Type
  unit            1    0[BANK0 ] unsigned char 
 Return value:  Size  Location     Type
		None               void
 Registers used:
		wreg
 Tracked objects:
		On entry : 
		On exit  : 
		Unchanged: 
 Data sizes:     COMRAM   BANK0   BANK1   BANK2   BANK3   BANK4   BANK5
      Params:         0       0       0       0       0       0       0
      Locals:         0       1       0       0       0       0       0
      Temps:          0       0       0       0       0       0       0
      Totals:         0       1       0       0       0       0       0
Total ram usage:        1 bytes
 Hardware stack levels used:    1
 Hardware stack levels required when called:    3
 This function calls:
		Nothing
 This function is called by:
		_DisplayLCD
 This function uses a non-reentrant model


 *************** function _low_isr *****************
 Defined at:
		line 74 in file "main.c"
 Parameters:    Size  Location     Type
		None
 Auto vars:     Size  Location     Type
		None
 Return value:  Size  Location     Type
		None               void
 Registers used:
		wreg, status,2, status,0, tblptrl, tblptrh, tblptru, cstack
 Tracked objects:
		On entry : 
		On exit  : 
		Unchanged: 
 Data sizes:     COMRAM   BANK0   BANK1   BANK2   BANK3   BANK4   BANK5
      Params:         0       0       0       0       0       0       0
      Locals:         0       0       0       0       0       0       0
      Temps:         17       0       0       0       0       0       0
      Totals:        17       0       0       0       0       0       0
Total ram usage:       17 bytes
 Hardware stack levels used:    1
 Hardware stack levels required when called:    2
 This function calls:
		_ReadEncoder
 This function is called by:
		Interrupt level 1
 This function uses a non-reentrant model


 *************** function _ReadEncoder *****************
 Defined at:
		line 146 in file "user.c"
 Parameters:    Size  Location     Type
		None
 Auto vars:     Size  Location     Type
  NEW_ROT         2   12[COMRAM] int 
  Bnew            2   10[COMRAM] int 
  Anew            2    8[COMRAM] int 
  New             2    6[COMRAM] int 
  Old             2    4[COMRAM] int 
 Return value:  Size  Location     Type
		None               void
 Registers used:
		wreg, status,2, status,0, tblptrl, tblptrh, tblptru
 Tracked objects:
		On entry : 
		On exit  : 
		Unchanged: 
 Data sizes:     COMRAM   BANK0   BANK1   BANK2   BANK3   BANK4   BANK5
      Params:         0       0       0       0       0       0       0
      Locals:        10       0       0       0       0       0       0
      Temps:          4       0       0       0       0       0       0
      Totals:        14       0       0       0       0       0       0
Total ram usage:       14 bytes
 Hardware stack levels used:    1
 Hardware stack levels required when called:    1
 This function calls:
		Nothing
 This function is called by:
		_low_isr
 This function uses a non-reentrant model


 *************** function _TimerStopped *****************
 Defined at:
		line 15 in file "interrupts.c"
 Parameters:    Size  Location     Type
		None
 Auto vars:     Size  Location     Type
		None
 Return value:  Size  Location     Type
		None               void
 Registers used:
		None
 Tracked objects:
		On entry : 
		On exit  : 
		Unchanged: 
 Data sizes:     COMRAM   BANK0   BANK1   BANK2   BANK3   BANK4   BANK5
      Params:         0       0       0       0       0       0       0
      Locals:         0       0       0       0       0       0       0
      Temps:         17       0       0       0       0       0       0
      Totals:        17       0       0       0       0       0       0
Total ram usage:       17 bytes
 Hardware stack levels used:    1
 Hardware stack levels required when called:    1
 This function calls:
		Nothing
 This function is called by:
		Interrupt level 1
 This function uses a non-reentrant model


 *************** function _high_isr *****************
 Defined at:
		line 62 in file "main.c"
 Parameters:    Size  Location     Type
		None
 Auto vars:     Size  Location     Type
		None
 Return value:  Size  Location     Type
		None               void
 Registers used:
		None
 Tracked objects:
		On entry : 
		On exit  : 
		Unchanged: 
 Data sizes:     COMRAM   BANK0   BANK1   BANK2   BANK3   BANK4   BANK5
      Params:         0       0       0       0       0       0       0
      Locals:         0       0       0       0       0       0       0
      Temps:         14       0       0       0       0       0       0
      Totals:        14       0       0       0       0       0       0
Total ram usage:       14 bytes
 Hardware stack levels used:    1
 This function calls:
		Nothing
 This function is called by:
		Interrupt level 2
 This function uses a non-reentrant model



MODULE INFORMATION

Module		Function		Class		Link	Load	Size
/Applications/microchip/xc8/v1.33/sources/pic18/d1ktcyx.c
		_Delay1KTCYx   		CODE           	0A4C	0000	22

/Applications/microchip/xc8/v1.33/sources/pic18/d1ktcyx.c estimated size: 22

/Applications/microchip/xc8/v1.33/sources/pic18/d100tcyx.c
		_Delay100TCYx  		CODE           	0A62	0000	22

/Applications/microchip/xc8/v1.33/sources/pic18/d100tcyx.c estimated size: 22

interrupts.c
		_TimerStopped  		CODE           	00B0	0000	150

interrupts.c estimated size: 150

shared
		_EncoderPoll   		SMALLCONST     	0621	0000	2
		__initializatio		CODE           	0986	0000	44
		_QEM           		SMALLCONST     	0601	0000	32

shared estimated size: 78

/Applications/microchip/xc8/v1.33/sources/pic18/d10tcyx.c
		_Delay10TCYx   		CODE           	0A34	0000	24

/Applications/microchip/xc8/v1.33/sources/pic18/d10tcyx.c estimated size: 24

user.c
		_InitInterrupts		CODE           	0A8A	0000	16
		_InitApp       		CODE           	09C0	0000	58
		_WaitHalfSec   		CODE           	09FA	0000	58
		_ReadEncoder   		CODE           	0624	0000	350
		_DisplayLCD    		CODE           	0870	0000	168

user.c estimated size: 650

main.c
		_main          		CODE           	0782	0000	238
		_high_isr      		CODE           	0008	0000	2430
		_low_isr       		CODE           	0018	0000	152

main.c estimated size: 2820

